<?xml version="1.0" encoding="UTF-8"?>
<testsuites tests="522" failures="0" errors="0" time="1.592343">
	<testsuite tests="102" failures="0" time="1.433000" name="github.com/zscaler/zscaler-sdk-go/v3/tests/unit/zpa" timestamp="2025-12-11T17:37:27-08:00">
		<properties>
			<property name="go.version" value="go1.24.7 darwin/arm64"></property>
		</properties>
		<testcase classname="github.com/zscaler/zscaler-sdk-go/v3/tests/unit/zpa" name="TestZPAClient_Creation/NewClient_with_nil_config_returns_error" time="0.000000"></testcase>
		<testcase classname="github.com/zscaler/zscaler-sdk-go/v3/tests/unit/zpa" name="TestZPAClient_Creation" time="0.000000"></testcase>
		<testcase classname="github.com/zscaler/zscaler-sdk-go/v3/tests/unit/zpa" name="TestZPAClient_MockServerIntegration/Mock_server_returns_configured_response" time="0.000000"></testcase>
		<testcase classname="github.com/zscaler/zscaler-sdk-go/v3/tests/unit/zpa" name="TestZPAClient_MockServerIntegration/Mock_server_tracks_requests" time="0.000000"></testcase>
		<testcase classname="github.com/zscaler/zscaler-sdk-go/v3/tests/unit/zpa" name="TestZPAClient_MockServerIntegration/Mock_server_returns_404_for_unconfigured_paths" time="0.000000"></testcase>
		<testcase classname="github.com/zscaler/zscaler-sdk-go/v3/tests/unit/zpa" name="TestZPAClient_MockServerIntegration/Mock_server_simulates_rate_limiting" time="0.000000"></testcase>
		<testcase classname="github.com/zscaler/zscaler-sdk-go/v3/tests/unit/zpa" name="TestZPAClient_MockServerIntegration/Mock_server_simulates_session_invalid" time="0.000000"></testcase>
		<testcase classname="github.com/zscaler/zscaler-sdk-go/v3/tests/unit/zpa" name="TestZPAClient_MockServerIntegration" time="0.000000"></testcase>
		<testcase classname="github.com/zscaler/zscaler-sdk-go/v3/tests/unit/zpa" name="TestZPAConfiguration_Defaults/Default_values_are_set_correctly" time="0.000000"></testcase>
		<testcase classname="github.com/zscaler/zscaler-sdk-go/v3/tests/unit/zpa" name="TestZPAConfiguration_Defaults/VERSION_is_set" time="0.000000"></testcase>
		<testcase classname="github.com/zscaler/zscaler-sdk-go/v3/tests/unit/zpa" name="TestZPAConfiguration_Defaults" time="0.000000"></testcase>
		<testcase classname="github.com/zscaler/zscaler-sdk-go/v3/tests/unit/zpa" name="TestZPAUserAgent/Default_UserAgent_format" time="0.000000"></testcase>
		<testcase classname="github.com/zscaler/zscaler-sdk-go/v3/tests/unit/zpa" name="TestZPAUserAgent" time="0.000000"></testcase>
		<testcase classname="github.com/zscaler/zscaler-sdk-go/v3/tests/unit/zpa" name="TestZPAConfiguration_AddDefaultHeader/Add_custom_header" time="0.000000"></testcase>
		<testcase classname="github.com/zscaler/zscaler-sdk-go/v3/tests/unit/zpa" name="TestZPAConfiguration_AddDefaultHeader/Override_existing_header" time="0.000000"></testcase>
		<testcase classname="github.com/zscaler/zscaler-sdk-go/v3/tests/unit/zpa" name="TestZPAConfiguration_AddDefaultHeader" time="0.000000"></testcase>
		<testcase classname="github.com/zscaler/zscaler-sdk-go/v3/tests/unit/zpa" name="TestZPAContextKey/ContextAccessToken_is_defined" time="0.000000"></testcase>
		<testcase classname="github.com/zscaler/zscaler-sdk-go/v3/tests/unit/zpa" name="TestZPAContextKey" time="0.000000"></testcase>
		<testcase classname="github.com/zscaler/zscaler-sdk-go/v3/tests/unit/zpa" name="TestZPAAuthToken/AuthToken_fields" time="0.000000"></testcase>
		<testcase classname="github.com/zscaler/zscaler-sdk-go/v3/tests/unit/zpa" name="TestZPAAuthToken" time="0.000000"></testcase>
		<testcase classname="github.com/zscaler/zscaler-sdk-go/v3/tests/unit/zpa" name="TestZPAEnvironmentVariableConstants/Environment_variable_names_are_correct" time="0.000000"></testcase>
		<testcase classname="github.com/zscaler/zscaler-sdk-go/v3/tests/unit/zpa" name="TestZPAEnvironmentVariableConstants" time="0.000000"></testcase>
		<testcase classname="github.com/zscaler/zscaler-sdk-go/v3/tests/unit/zpa" name="TestZPAClient_HTTPClientConfig/Default_timeout_is_240_seconds" time="0.000000"></testcase>
		<testcase classname="github.com/zscaler/zscaler-sdk-go/v3/tests/unit/zpa" name="TestZPAClient_HTTPClientConfig/Default_retry_settings" time="0.000000"></testcase>
		<testcase classname="github.com/zscaler/zscaler-sdk-go/v3/tests/unit/zpa" name="TestZPAClient_HTTPClientConfig" time="0.000000"></testcase>
		<testcase classname="github.com/zscaler/zscaler-sdk-go/v3/tests/unit/zpa" name="TestZPAClient_RateLimiter/Rate_limit_configuration" time="0.000000"></testcase>
		<testcase classname="github.com/zscaler/zscaler-sdk-go/v3/tests/unit/zpa" name="TestZPAClient_RateLimiter" time="0.000000"></testcase>
		<testcase classname="github.com/zscaler/zscaler-sdk-go/v3/tests/unit/zpa" name="TestZPAClient_ErrorResponse/CheckErrorInResponse_with_JSON_error" time="0.000000"></testcase>
		<testcase classname="github.com/zscaler/zscaler-sdk-go/v3/tests/unit/zpa" name="TestZPAClient_ErrorResponse/ErrorResponse.IsObjectNotFound/404_status_code" time="0.000000"></testcase>
		<testcase classname="github.com/zscaler/zscaler-sdk-go/v3/tests/unit/zpa" name="TestZPAClient_ErrorResponse/ErrorResponse.IsObjectNotFound/resource.not.found_ID" time="0.000000"></testcase>
		<testcase classname="github.com/zscaler/zscaler-sdk-go/v3/tests/unit/zpa" name="TestZPAClient_ErrorResponse/ErrorResponse.IsObjectNotFound/other_error" time="0.000000"></testcase>
		<testcase classname="github.com/zscaler/zscaler-sdk-go/v3/tests/unit/zpa" name="TestZPAClient_ErrorResponse/ErrorResponse.IsObjectNotFound/nil_response" time="0.000000"></testcase>
		<testcase classname="github.com/zscaler/zscaler-sdk-go/v3/tests/unit/zpa" name="TestZPAClient_ErrorResponse/ErrorResponse.IsObjectNotFound" time="0.000000"></testcase>
		<testcase classname="github.com/zscaler/zscaler-sdk-go/v3/tests/unit/zpa" name="TestZPAClient_ErrorResponse" time="0.000000"></testcase>
		<testcase classname="github.com/zscaler/zscaler-sdk-go/v3/tests/unit/zpa" name="TestZPAClient_RetryAfterParsing/Case-insensitive_header_parsing/Retry-After" time="0.000000"></testcase>
		<testcase classname="github.com/zscaler/zscaler-sdk-go/v3/tests/unit/zpa" name="TestZPAClient_RetryAfterParsing/Case-insensitive_header_parsing/retry-after" time="0.000000"></testcase>
		<testcase classname="github.com/zscaler/zscaler-sdk-go/v3/tests/unit/zpa" name="TestZPAClient_RetryAfterParsing/Case-insensitive_header_parsing/RETRY-AFTER" time="0.000000"></testcase>
		<testcase classname="github.com/zscaler/zscaler-sdk-go/v3/tests/unit/zpa" name="TestZPAClient_RetryAfterParsing/Case-insensitive_header_parsing/ReTrY-aFtEr" time="0.000000"></testcase>
		<testcase classname="github.com/zscaler/zscaler-sdk-go/v3/tests/unit/zpa" name="TestZPAClient_RetryAfterParsing/Case-insensitive_header_parsing" time="0.000000"></testcase>
		<testcase classname="github.com/zscaler/zscaler-sdk-go/v3/tests/unit/zpa" name="TestZPAClient_RetryAfterParsing/Integer_format_parsing" time="0.000000"></testcase>
		<testcase classname="github.com/zscaler/zscaler-sdk-go/v3/tests/unit/zpa" name="TestZPAClient_RetryAfterParsing/Duration_format_parsing" time="0.000000"></testcase>
		<testcase classname="github.com/zscaler/zscaler-sdk-go/v3/tests/unit/zpa" name="TestZPAClient_RetryAfterParsing" time="0.000000"></testcase>
		<testcase classname="github.com/zscaler/zscaler-sdk-go/v3/tests/unit/zpa" name="TestZPAClient_BackoffLogic/Exponential_backoff_-_attempt_1" time="0.000000"></testcase>
		<testcase classname="github.com/zscaler/zscaler-sdk-go/v3/tests/unit/zpa" name="TestZPAClient_BackoffLogic/Exponential_backoff_-_high_attempt_(stays_capped)" time="0.000000"></testcase>
		<testcase classname="github.com/zscaler/zscaler-sdk-go/v3/tests/unit/zpa" name="TestZPAClient_BackoffLogic/Exponential_backoff_-_capped_at_max" time="0.000000"></testcase>
		<testcase classname="github.com/zscaler/zscaler-sdk-go/v3/tests/unit/zpa" name="TestZPAClient_BackoffLogic/Exponential_backoff_-_attempt_2" time="0.000000"></testcase>
		<testcase classname="github.com/zscaler/zscaler-sdk-go/v3/tests/unit/zpa" name="TestZPAClient_BackoffLogic/Exponential_backoff_-_attempt_0" time="0.000000"></testcase>
		<testcase classname="github.com/zscaler/zscaler-sdk-go/v3/tests/unit/zpa" name="TestZPAClient_BackoffLogic" time="0.000000"></testcase>
		<testcase classname="github.com/zscaler/zscaler-sdk-go/v3/tests/unit/zpa" name="TestZPACloudBaseURLs/ZPATWO" time="0.000000"></testcase>
		<testcase classname="github.com/zscaler/zscaler-sdk-go/v3/tests/unit/zpa" name="TestZPACloudBaseURLs/GOV" time="0.000000"></testcase>
		<testcase classname="github.com/zscaler/zscaler-sdk-go/v3/tests/unit/zpa" name="TestZPACloudBaseURLs/DEV" time="0.000000"></testcase>
		<testcase classname="github.com/zscaler/zscaler-sdk-go/v3/tests/unit/zpa" name="TestZPACloudBaseURLs/QA2" time="0.000000"></testcase>
		<testcase classname="github.com/zscaler/zscaler-sdk-go/v3/tests/unit/zpa" name="TestZPACloudBaseURLs/BETA" time="0.000000"></testcase>
		<testcase classname="github.com/zscaler/zscaler-sdk-go/v3/tests/unit/zpa" name="TestZPACloudBaseURLs/GOVUS" time="0.000000"></testcase>
		<testcase classname="github.com/zscaler/zscaler-sdk-go/v3/tests/unit/zpa" name="TestZPACloudBaseURLs/PREVIEW" time="0.000000"></testcase>
		<testcase classname="github.com/zscaler/zscaler-sdk-go/v3/tests/unit/zpa" name="TestZPACloudBaseURLs/QA" time="0.000000"></testcase>
		<testcase classname="github.com/zscaler/zscaler-sdk-go/v3/tests/unit/zpa" name="TestZPACloudBaseURLs/PRODUCTION" time="0.000000"></testcase>
		<testcase classname="github.com/zscaler/zscaler-sdk-go/v3/tests/unit/zpa" name="TestZPACloudBaseURLs" time="0.000000"></testcase>
		<testcase classname="github.com/zscaler/zscaler-sdk-go/v3/tests/unit/zpa" name="TestZPAClient_ErrorDetection/IsSessionInvalidError/Resource_Access_Blocked" time="0.000000"></testcase>
		<testcase classname="github.com/zscaler/zscaler-sdk-go/v3/tests/unit/zpa" name="TestZPAClient_ErrorDetection/IsSessionInvalidError/Session_already_invalidated" time="0.000000"></testcase>
		<testcase classname="github.com/zscaler/zscaler-sdk-go/v3/tests/unit/zpa" name="TestZPAClient_ErrorDetection/IsSessionInvalidError/Regular_401_error" time="0.000000"></testcase>
		<testcase classname="github.com/zscaler/zscaler-sdk-go/v3/tests/unit/zpa" name="TestZPAClient_ErrorDetection/IsSessionInvalidError/Non-401_status_code_with_SESSION_NOT_VALID_in_body" time="0.000000"></testcase>
		<testcase classname="github.com/zscaler/zscaler-sdk-go/v3/tests/unit/zpa" name="TestZPAClient_ErrorDetection/IsSessionInvalidError/SESSION_NOT_VALID" time="0.000000"></testcase>
		<testcase classname="github.com/zscaler/zscaler-sdk-go/v3/tests/unit/zpa" name="TestZPAClient_ErrorDetection/IsSessionInvalidError" time="0.000000"></testcase>
		<testcase classname="github.com/zscaler/zscaler-sdk-go/v3/tests/unit/zpa" name="TestZPAClient_ErrorDetection/IsEditLockError/Regular_409_error" time="0.000000"></testcase>
		<testcase classname="github.com/zscaler/zscaler-sdk-go/v3/tests/unit/zpa" name="TestZPAClient_ErrorDetection/IsEditLockError/Failed_during_enter_Org_barrier" time="0.000000"></testcase>
		<testcase classname="github.com/zscaler/zscaler-sdk-go/v3/tests/unit/zpa" name="TestZPAClient_ErrorDetection/IsEditLockError/Resource_Access_Blocked_(409)" time="0.000000"></testcase>
		<testcase classname="github.com/zscaler/zscaler-sdk-go/v3/tests/unit/zpa" name="TestZPAClient_ErrorDetection/IsEditLockError/EDIT_LOCK_NOT_AVAILABLE" time="0.000000"></testcase>
		<testcase classname="github.com/zscaler/zscaler-sdk-go/v3/tests/unit/zpa" name="TestZPAClient_ErrorDetection/IsEditLockError/Non-409_status_code" time="0.000000"></testcase>
		<testcase classname="github.com/zscaler/zscaler-sdk-go/v3/tests/unit/zpa" name="TestZPAClient_ErrorDetection/IsEditLockError" time="0.000000"></testcase>
		<testcase classname="github.com/zscaler/zscaler-sdk-go/v3/tests/unit/zpa" name="TestZPAClient_ErrorDetection" time="0.000000"></testcase>
		<testcase classname="github.com/zscaler/zscaler-sdk-go/v3/tests/unit/zpa" name="TestZPAConfigSetters/WithZPAClientSecret" time="0.000000"></testcase>
		<testcase classname="github.com/zscaler/zscaler-sdk-go/v3/tests/unit/zpa" name="TestZPAConfigSetters/WithProxyHost" time="0.000000"></testcase>
		<testcase classname="github.com/zscaler/zscaler-sdk-go/v3/tests/unit/zpa" name="TestZPAConfigSetters/WithRateLimitMaxRetries" time="0.000000"></testcase>
		<testcase classname="github.com/zscaler/zscaler-sdk-go/v3/tests/unit/zpa" name="TestZPAConfigSetters/WithRateLimitMaxWait" time="0.000000"></testcase>
		<testcase classname="github.com/zscaler/zscaler-sdk-go/v3/tests/unit/zpa" name="TestZPAConfigSetters/WithUserAgentExtra" time="0.000000"></testcase>
		<testcase classname="github.com/zscaler/zscaler-sdk-go/v3/tests/unit/zpa" name="TestZPAConfigSetters/WithDebug" time="0.000000"></testcase>
		<testcase classname="github.com/zscaler/zscaler-sdk-go/v3/tests/unit/zpa" name="TestZPAConfigSetters/WithRateLimitMinWait" time="0.000000"></testcase>
		<testcase classname="github.com/zscaler/zscaler-sdk-go/v3/tests/unit/zpa" name="TestZPAConfigSetters/WithTestingDisableHttpsCheck" time="0.000000"></testcase>
		<testcase classname="github.com/zscaler/zscaler-sdk-go/v3/tests/unit/zpa" name="TestZPAConfigSetters/WithCache" time="0.000000"></testcase>
		<testcase classname="github.com/zscaler/zscaler-sdk-go/v3/tests/unit/zpa" name="TestZPAConfigSetters/WithZPAMicrotenantID" time="0.000000"></testcase>
		<testcase classname="github.com/zscaler/zscaler-sdk-go/v3/tests/unit/zpa" name="TestZPAConfigSetters/WithProxyUsername" time="0.000000"></testcase>
		<testcase classname="github.com/zscaler/zscaler-sdk-go/v3/tests/unit/zpa" name="TestZPAConfigSetters/WithCacheTtl" time="0.000000"></testcase>
		<testcase classname="github.com/zscaler/zscaler-sdk-go/v3/tests/unit/zpa" name="TestZPAConfigSetters/WithProxyPassword" time="0.000000"></testcase>
		<testcase classname="github.com/zscaler/zscaler-sdk-go/v3/tests/unit/zpa" name="TestZPAConfigSetters/WithZPACustomerID" time="0.000000"></testcase>
		<testcase classname="github.com/zscaler/zscaler-sdk-go/v3/tests/unit/zpa" name="TestZPAConfigSetters/WithProxyPort" time="0.000000"></testcase>
		<testcase classname="github.com/zscaler/zscaler-sdk-go/v3/tests/unit/zpa" name="TestZPAConfigSetters/WithZPAClientID" time="0.000000"></testcase>
		<testcase classname="github.com/zscaler/zscaler-sdk-go/v3/tests/unit/zpa" name="TestZPAConfigSetters/WithPartnerID" time="0.000000"></testcase>
		<testcase classname="github.com/zscaler/zscaler-sdk-go/v3/tests/unit/zpa" name="TestZPAConfigSetters/WithCacheMaxSizeMB" time="0.000000"></testcase>
		<testcase classname="github.com/zscaler/zscaler-sdk-go/v3/tests/unit/zpa" name="TestZPAConfigSetters/WithRequestTimeout" time="0.000000"></testcase>
		<testcase classname="github.com/zscaler/zscaler-sdk-go/v3/tests/unit/zpa" name="TestZPAConfigSetters/WithCacheTti" time="0.000000"></testcase>
		<testcase classname="github.com/zscaler/zscaler-sdk-go/v3/tests/unit/zpa" name="TestZPAConfigSetters/WithZPACloud/PRODUCTION" time="0.000000"></testcase>
		<testcase classname="github.com/zscaler/zscaler-sdk-go/v3/tests/unit/zpa" name="TestZPAConfigSetters/WithZPACloud/BETA" time="0.000000"></testcase>
		<testcase classname="github.com/zscaler/zscaler-sdk-go/v3/tests/unit/zpa" name="TestZPAConfigSetters/WithZPACloud/GOV" time="0.000000"></testcase>
		<testcase classname="github.com/zscaler/zscaler-sdk-go/v3/tests/unit/zpa" name="TestZPAConfigSetters/WithZPACloud/GOVUS" time="0.000000"></testcase>
		<testcase classname="github.com/zscaler/zscaler-sdk-go/v3/tests/unit/zpa" name="TestZPAConfigSetters/WithZPACloud/ZPATWO" time="0.000000"></testcase>
		<testcase classname="github.com/zscaler/zscaler-sdk-go/v3/tests/unit/zpa" name="TestZPAConfigSetters/WithZPACloud/PREVIEW" time="0.000000"></testcase>
		<testcase classname="github.com/zscaler/zscaler-sdk-go/v3/tests/unit/zpa" name="TestZPAConfigSetters/WithZPACloud/DEV" time="0.000000"></testcase>
		<testcase classname="github.com/zscaler/zscaler-sdk-go/v3/tests/unit/zpa" name="TestZPAConfigSetters/WithZPACloud/QA" time="0.000000"></testcase>
		<testcase classname="github.com/zscaler/zscaler-sdk-go/v3/tests/unit/zpa" name="TestZPAConfigSetters/WithZPACloud/QA2" time="0.000000"></testcase>
		<testcase classname="github.com/zscaler/zscaler-sdk-go/v3/tests/unit/zpa" name="TestZPAConfigSetters/WithZPACloud" time="0.000000"></testcase>
		<testcase classname="github.com/zscaler/zscaler-sdk-go/v3/tests/unit/zpa" name="TestZPAConfigSetters" time="0.000000"></testcase>
	</testsuite>
	<testsuite tests="420" failures="0" time="1.516000" name="github.com/zscaler/zscaler-sdk-go/v3/tests/unit/zpa/services" timestamp="2025-12-11T17:37:27-08:00">
		<properties>
			<property name="go.version" value="go1.24.7 darwin/arm64"></property>
		</properties>
		<testcase classname="github.com/zscaler/zscaler-sdk-go/v3/tests/unit/zpa/services" name="TestAppConnectorController_MockServerOperations/GET_connector_by_ID" time="0.000000"></testcase>
		<testcase classname="github.com/zscaler/zscaler-sdk-go/v3/tests/unit/zpa/services" name="TestAppConnectorController_MockServerOperations/POST_bulk_delete" time="0.000000"></testcase>
		<testcase classname="github.com/zscaler/zscaler-sdk-go/v3/tests/unit/zpa/services" name="TestAppConnectorController_MockServerOperations/DELETE_connector" time="0.000000"></testcase>
		<testcase classname="github.com/zscaler/zscaler-sdk-go/v3/tests/unit/zpa/services" name="TestAppConnectorController_MockServerOperations" time="0.000000"></testcase>
		<testcase classname="github.com/zscaler/zscaler-sdk-go/v3/tests/unit/zpa/services" name="TestAppConnectorGroup_MockServerOperations/GET_app_connector_group_by_ID" time="0.000000"></testcase>
		<testcase classname="github.com/zscaler/zscaler-sdk-go/v3/tests/unit/zpa/services" name="TestAppConnectorGroup_MockServerOperations/GET_all_app_connector_groups" time="0.000000"></testcase>
		<testcase classname="github.com/zscaler/zscaler-sdk-go/v3/tests/unit/zpa/services" name="TestAppConnectorGroup_MockServerOperations/POST_create_app_connector_group" time="0.000000"></testcase>
		<testcase classname="github.com/zscaler/zscaler-sdk-go/v3/tests/unit/zpa/services" name="TestAppConnectorGroup_MockServerOperations/PUT_update_app_connector_group" time="0.000000"></testcase>
		<testcase classname="github.com/zscaler/zscaler-sdk-go/v3/tests/unit/zpa/services" name="TestAppConnectorGroup_MockServerOperations/DELETE_app_connector_group" time="0.000000"></testcase>
		<testcase classname="github.com/zscaler/zscaler-sdk-go/v3/tests/unit/zpa/services" name="TestAppConnectorGroup_MockServerOperations" time="0.000000"></testcase>
		<testcase classname="github.com/zscaler/zscaler-sdk-go/v3/tests/unit/zpa/services" name="TestAppConnectorGroup_GetByName/Search_returns_matching_group" time="0.000000"></testcase>
		<testcase classname="github.com/zscaler/zscaler-sdk-go/v3/tests/unit/zpa/services" name="TestAppConnectorGroup_GetByName/Search_returns_empty_when_no_match" time="0.000000"></testcase>
		<testcase classname="github.com/zscaler/zscaler-sdk-go/v3/tests/unit/zpa/services" name="TestAppConnectorGroup_GetByName" time="0.000000"></testcase>
		<testcase classname="github.com/zscaler/zscaler-sdk-go/v3/tests/unit/zpa/services" name="TestAppSegmentMove_MockServerOperations/POST_move_app_segment" time="0.000000"></testcase>
		<testcase classname="github.com/zscaler/zscaler-sdk-go/v3/tests/unit/zpa/services" name="TestAppSegmentMove_MockServerOperations" time="0.000000"></testcase>
		<testcase classname="github.com/zscaler/zscaler-sdk-go/v3/tests/unit/zpa/services" name="TestAppSegmentShare_MockServerOperations/POST_share_app_segment" time="0.000000"></testcase>
		<testcase classname="github.com/zscaler/zscaler-sdk-go/v3/tests/unit/zpa/services" name="TestAppSegmentShare_MockServerOperations" time="0.000000"></testcase>
		<testcase classname="github.com/zscaler/zscaler-sdk-go/v3/tests/unit/zpa/services" name="TestApplicationSegment_MockServerOperations/GET_application_segment_by_ID" time="0.000000"></testcase>
		<testcase classname="github.com/zscaler/zscaler-sdk-go/v3/tests/unit/zpa/services" name="TestApplicationSegment_MockServerOperations/POST_create_application_segment" time="0.000000"></testcase>
		<testcase classname="github.com/zscaler/zscaler-sdk-go/v3/tests/unit/zpa/services" name="TestApplicationSegment_MockServerOperations/DELETE_application_segment" time="0.000000"></testcase>
		<testcase classname="github.com/zscaler/zscaler-sdk-go/v3/tests/unit/zpa/services" name="TestApplicationSegment_MockServerOperations" time="0.000000"></testcase>
		<testcase classname="github.com/zscaler/zscaler-sdk-go/v3/tests/unit/zpa/services" name="TestAppSegmentBrowserAccess_MockServerOperations/GET_browser_access_app_segment" time="0.000000"></testcase>
		<testcase classname="github.com/zscaler/zscaler-sdk-go/v3/tests/unit/zpa/services" name="TestAppSegmentBrowserAccess_MockServerOperations" time="0.000000"></testcase>
		<testcase classname="github.com/zscaler/zscaler-sdk-go/v3/tests/unit/zpa/services" name="TestApplicationSegmentByType_MockServerOperations/GET_application_segment_by_type" time="0.000000"></testcase>
		<testcase classname="github.com/zscaler/zscaler-sdk-go/v3/tests/unit/zpa/services" name="TestApplicationSegmentByType_MockServerOperations" time="0.000000"></testcase>
		<testcase classname="github.com/zscaler/zscaler-sdk-go/v3/tests/unit/zpa/services" name="TestAppSegmentInspection_MockServerOperations/GET_inspection_app_segment" time="0.000000"></testcase>
		<testcase classname="github.com/zscaler/zscaler-sdk-go/v3/tests/unit/zpa/services" name="TestAppSegmentInspection_MockServerOperations" time="0.000000"></testcase>
		<testcase classname="github.com/zscaler/zscaler-sdk-go/v3/tests/unit/zpa/services" name="TestAppSegmentPRA_MockServerOperations/GET_PRA_app_segment" time="0.000000"></testcase>
		<testcase classname="github.com/zscaler/zscaler-sdk-go/v3/tests/unit/zpa/services" name="TestAppSegmentPRA_MockServerOperations" time="0.000000"></testcase>
		<testcase classname="github.com/zscaler/zscaler-sdk-go/v3/tests/unit/zpa/services" name="TestAppServerController_MockServerOperations/GET_server_by_ID" time="0.000000"></testcase>
		<testcase classname="github.com/zscaler/zscaler-sdk-go/v3/tests/unit/zpa/services" name="TestAppServerController_MockServerOperations/POST_create_server" time="0.000000"></testcase>
		<testcase classname="github.com/zscaler/zscaler-sdk-go/v3/tests/unit/zpa/services" name="TestAppServerController_MockServerOperations/DELETE_server" time="0.000000"></testcase>
		<testcase classname="github.com/zscaler/zscaler-sdk-go/v3/tests/unit/zpa/services" name="TestAppServerController_MockServerOperations" time="0.000000"></testcase>
		<testcase classname="github.com/zscaler/zscaler-sdk-go/v3/tests/unit/zpa/services" name="TestBaCertificate_MockServerOperations/GET_certificate_by_ID" time="0.000000"></testcase>
		<testcase classname="github.com/zscaler/zscaler-sdk-go/v3/tests/unit/zpa/services" name="TestBaCertificate_MockServerOperations/GET_all_certificates" time="0.000000"></testcase>
		<testcase classname="github.com/zscaler/zscaler-sdk-go/v3/tests/unit/zpa/services" name="TestBaCertificate_MockServerOperations" time="0.000000"></testcase>
		<testcase classname="github.com/zscaler/zscaler-sdk-go/v3/tests/unit/zpa/services" name="TestBranchConnector_MockServerOperations/GET_branch_connector" time="0.000000"></testcase>
		<testcase classname="github.com/zscaler/zscaler-sdk-go/v3/tests/unit/zpa/services" name="TestBranchConnector_MockServerOperations" time="0.000000"></testcase>
		<testcase classname="github.com/zscaler/zscaler-sdk-go/v3/tests/unit/zpa/services" name="TestBranchConnectorGroup_MockServerOperations/GET_branch_connector_group_summary" time="0.000000"></testcase>
		<testcase classname="github.com/zscaler/zscaler-sdk-go/v3/tests/unit/zpa/services" name="TestBranchConnectorGroup_MockServerOperations" time="0.000000"></testcase>
		<testcase classname="github.com/zscaler/zscaler-sdk-go/v3/tests/unit/zpa/services" name="TestBrowserProtection_MockServerOperations/GET_browser_protection_profile" time="0.000000"></testcase>
		<testcase classname="github.com/zscaler/zscaler-sdk-go/v3/tests/unit/zpa/services" name="TestBrowserProtection_MockServerOperations" time="0.000000"></testcase>
		<testcase classname="github.com/zscaler/zscaler-sdk-go/v3/tests/unit/zpa/services" name="TestC2CIPRanges_MockServerOperations/GET_C2C_IP_ranges" time="0.000000"></testcase>
		<testcase classname="github.com/zscaler/zscaler-sdk-go/v3/tests/unit/zpa/services" name="TestC2CIPRanges_MockServerOperations" time="0.000000"></testcase>
		<testcase classname="github.com/zscaler/zscaler-sdk-go/v3/tests/unit/zpa/services" name="TestCBIBannerController_MockServerOperations/GET_banner_by_ID" time="0.000000"></testcase>
		<testcase classname="github.com/zscaler/zscaler-sdk-go/v3/tests/unit/zpa/services" name="TestCBIBannerController_MockServerOperations" time="0.000000"></testcase>
		<testcase classname="github.com/zscaler/zscaler-sdk-go/v3/tests/unit/zpa/services" name="TestCBICertificateController_MockServerOperations/GET_certificate_by_ID" time="0.000000"></testcase>
		<testcase classname="github.com/zscaler/zscaler-sdk-go/v3/tests/unit/zpa/services" name="TestCBICertificateController_MockServerOperations" time="0.000000"></testcase>
		<testcase classname="github.com/zscaler/zscaler-sdk-go/v3/tests/unit/zpa/services" name="TestCBIProfileController_MockServerOperations/GET_profile_by_ID" time="0.000000"></testcase>
		<testcase classname="github.com/zscaler/zscaler-sdk-go/v3/tests/unit/zpa/services" name="TestCBIProfileController_MockServerOperations" time="0.000000"></testcase>
		<testcase classname="github.com/zscaler/zscaler-sdk-go/v3/tests/unit/zpa/services" name="TestCBIRegions_MockServerOperations/GET_all_regions" time="0.000000"></testcase>
		<testcase classname="github.com/zscaler/zscaler-sdk-go/v3/tests/unit/zpa/services" name="TestCBIRegions_MockServerOperations" time="0.000000"></testcase>
		<testcase classname="github.com/zscaler/zscaler-sdk-go/v3/tests/unit/zpa/services" name="TestCBIZpaProfile_MockServerOperations/GET_ZPA_profile" time="0.000000"></testcase>
		<testcase classname="github.com/zscaler/zscaler-sdk-go/v3/tests/unit/zpa/services" name="TestCBIZpaProfile_MockServerOperations" time="0.000000"></testcase>
		<testcase classname="github.com/zscaler/zscaler-sdk-go/v3/tests/unit/zpa/services" name="TestClientSettings_MockServerOperations/GET_client_settings" time="0.000000"></testcase>
		<testcase classname="github.com/zscaler/zscaler-sdk-go/v3/tests/unit/zpa/services" name="TestClientSettings_MockServerOperations" time="0.000000"></testcase>
		<testcase classname="github.com/zscaler/zscaler-sdk-go/v3/tests/unit/zpa/services" name="TestClientTypes_MockServerOperations/GET_all_client_types" time="0.000000"></testcase>
		<testcase classname="github.com/zscaler/zscaler-sdk-go/v3/tests/unit/zpa/services" name="TestClientTypes_MockServerOperations" time="0.000000"></testcase>
		<testcase classname="github.com/zscaler/zscaler-sdk-go/v3/tests/unit/zpa/services" name="TestCloudConnector_MockServerOperations/GET_cloud_connector" time="0.000000"></testcase>
		<testcase classname="github.com/zscaler/zscaler-sdk-go/v3/tests/unit/zpa/services" name="TestCloudConnector_MockServerOperations" time="0.000000"></testcase>
		<testcase classname="github.com/zscaler/zscaler-sdk-go/v3/tests/unit/zpa/services" name="TestCloudConnectorGroup_MockServerOperations/GET_cloud_connector_group" time="0.000000"></testcase>
		<testcase classname="github.com/zscaler/zscaler-sdk-go/v3/tests/unit/zpa/services" name="TestCloudConnectorGroup_MockServerOperations" time="0.000000"></testcase>
		<testcase classname="github.com/zscaler/zscaler-sdk-go/v3/tests/unit/zpa/services" name="TestEmergencyAccess_MockServerOperations/GET_emergency_access_by_ID" time="0.000000"></testcase>
		<testcase classname="github.com/zscaler/zscaler-sdk-go/v3/tests/unit/zpa/services" name="TestEmergencyAccess_MockServerOperations/POST_create_emergency_access" time="0.000000"></testcase>
		<testcase classname="github.com/zscaler/zscaler-sdk-go/v3/tests/unit/zpa/services" name="TestEmergencyAccess_MockServerOperations/PUT_activate_emergency_access" time="0.000000"></testcase>
		<testcase classname="github.com/zscaler/zscaler-sdk-go/v3/tests/unit/zpa/services" name="TestEmergencyAccess_MockServerOperations/DELETE_emergency_access" time="0.000000"></testcase>
		<testcase classname="github.com/zscaler/zscaler-sdk-go/v3/tests/unit/zpa/services" name="TestEmergencyAccess_MockServerOperations" time="0.000000"></testcase>
		<testcase classname="github.com/zscaler/zscaler-sdk-go/v3/tests/unit/zpa/services" name="TestEnrollmentCert_MockServerOperations/GET_enrollment_cert_by_ID" time="0.000000"></testcase>
		<testcase classname="github.com/zscaler/zscaler-sdk-go/v3/tests/unit/zpa/services" name="TestEnrollmentCert_MockServerOperations/GET_all_enrollment_certs" time="0.000000"></testcase>
		<testcase classname="github.com/zscaler/zscaler-sdk-go/v3/tests/unit/zpa/services" name="TestEnrollmentCert_MockServerOperations" time="0.000000"></testcase>
		<testcase classname="github.com/zscaler/zscaler-sdk-go/v3/tests/unit/zpa/services" name="TestExtranetResource_MockServerOperations/GET_extranet_resource_partner" time="0.000000"></testcase>
		<testcase classname="github.com/zscaler/zscaler-sdk-go/v3/tests/unit/zpa/services" name="TestExtranetResource_MockServerOperations" time="0.000000"></testcase>
		<testcase classname="github.com/zscaler/zscaler-sdk-go/v3/tests/unit/zpa/services" name="TestIdpController_MockServerOperations/GET_IDP_by_ID" time="0.000000"></testcase>
		<testcase classname="github.com/zscaler/zscaler-sdk-go/v3/tests/unit/zpa/services" name="TestIdpController_MockServerOperations/GET_all_IDPs" time="0.000000"></testcase>
		<testcase classname="github.com/zscaler/zscaler-sdk-go/v3/tests/unit/zpa/services" name="TestIdpController_MockServerOperations/GET_IDP_by_SSO_type" time="0.000000"></testcase>
		<testcase classname="github.com/zscaler/zscaler-sdk-go/v3/tests/unit/zpa/services" name="TestIdpController_MockServerOperations" time="0.000000"></testcase>
		<testcase classname="github.com/zscaler/zscaler-sdk-go/v3/tests/unit/zpa/services" name="TestInspectionCustomControls_MockServerOperations/GET_custom_control_by_ID" time="0.000000"></testcase>
		<testcase classname="github.com/zscaler/zscaler-sdk-go/v3/tests/unit/zpa/services" name="TestInspectionCustomControls_MockServerOperations" time="0.000000"></testcase>
		<testcase classname="github.com/zscaler/zscaler-sdk-go/v3/tests/unit/zpa/services" name="TestInspectionPredefinedControls_MockServerOperations/GET_predefined_control_by_ID" time="0.000000"></testcase>
		<testcase classname="github.com/zscaler/zscaler-sdk-go/v3/tests/unit/zpa/services" name="TestInspectionPredefinedControls_MockServerOperations" time="0.000000"></testcase>
		<testcase classname="github.com/zscaler/zscaler-sdk-go/v3/tests/unit/zpa/services" name="TestInspectionProfile_MockServerOperations/GET_profile_by_ID" time="0.000000"></testcase>
		<testcase classname="github.com/zscaler/zscaler-sdk-go/v3/tests/unit/zpa/services" name="TestInspectionProfile_MockServerOperations" time="0.000000"></testcase>
		<testcase classname="github.com/zscaler/zscaler-sdk-go/v3/tests/unit/zpa/services" name="TestIsolationProfile_MockServerOperations/GET_isolation_profile" time="0.000000"></testcase>
		<testcase classname="github.com/zscaler/zscaler-sdk-go/v3/tests/unit/zpa/services" name="TestIsolationProfile_MockServerOperations" time="0.000000"></testcase>
		<testcase classname="github.com/zscaler/zscaler-sdk-go/v3/tests/unit/zpa/services" name="TestLocationController_MockServerOperations/GET_location_summary" time="0.000000"></testcase>
		<testcase classname="github.com/zscaler/zscaler-sdk-go/v3/tests/unit/zpa/services" name="TestLocationController_MockServerOperations" time="0.000000"></testcase>
		<testcase classname="github.com/zscaler/zscaler-sdk-go/v3/tests/unit/zpa/services" name="TestLSSConfigController_MockServerOperations/GET_LSS_config_by_ID" time="0.000000"></testcase>
		<testcase classname="github.com/zscaler/zscaler-sdk-go/v3/tests/unit/zpa/services" name="TestLSSConfigController_MockServerOperations" time="0.000000"></testcase>
		<testcase classname="github.com/zscaler/zscaler-sdk-go/v3/tests/unit/zpa/services" name="TestMachineGroup_MockServerOperations/GET_machine_group_by_ID" time="0.000000"></testcase>
		<testcase classname="github.com/zscaler/zscaler-sdk-go/v3/tests/unit/zpa/services" name="TestMachineGroup_MockServerOperations/GET_all_machine_groups" time="0.000000"></testcase>
		<testcase classname="github.com/zscaler/zscaler-sdk-go/v3/tests/unit/zpa/services" name="TestMachineGroup_MockServerOperations" time="0.000000"></testcase>
		<testcase classname="github.com/zscaler/zscaler-sdk-go/v3/tests/unit/zpa/services" name="TestManagedBrowser_MockServerOperations/GET_managed_browser" time="0.000000"></testcase>
		<testcase classname="github.com/zscaler/zscaler-sdk-go/v3/tests/unit/zpa/services" name="TestManagedBrowser_MockServerOperations" time="0.000000"></testcase>
		<testcase classname="github.com/zscaler/zscaler-sdk-go/v3/tests/unit/zpa/services" name="TestMicrotenants_MockServerOperations/GET_microtenant_by_ID" time="0.000000"></testcase>
		<testcase classname="github.com/zscaler/zscaler-sdk-go/v3/tests/unit/zpa/services" name="TestMicrotenants_MockServerOperations/POST_create_microtenant" time="0.000000"></testcase>
		<testcase classname="github.com/zscaler/zscaler-sdk-go/v3/tests/unit/zpa/services" name="TestMicrotenants_MockServerOperations/DELETE_microtenant" time="0.000000"></testcase>
		<testcase classname="github.com/zscaler/zscaler-sdk-go/v3/tests/unit/zpa/services" name="TestMicrotenants_MockServerOperations" time="0.000000"></testcase>
		<testcase classname="github.com/zscaler/zscaler-sdk-go/v3/tests/unit/zpa/services" name="TestOAuth2User_MockServerOperations/POST_verify_user_codes" time="0.000000"></testcase>
		<testcase classname="github.com/zscaler/zscaler-sdk-go/v3/tests/unit/zpa/services" name="TestOAuth2User_MockServerOperations" time="0.000000"></testcase>
		<testcase classname="github.com/zscaler/zscaler-sdk-go/v3/tests/unit/zpa/services" name="TestPlatforms_MockServerOperations/GET_all_platforms" time="0.000000"></testcase>
		<testcase classname="github.com/zscaler/zscaler-sdk-go/v3/tests/unit/zpa/services" name="TestPlatforms_MockServerOperations" time="0.000000"></testcase>
		<testcase classname="github.com/zscaler/zscaler-sdk-go/v3/tests/unit/zpa/services" name="TestPolicySetController_MockServerOperations/GET_policy_set_by_type" time="0.000000"></testcase>
		<testcase classname="github.com/zscaler/zscaler-sdk-go/v3/tests/unit/zpa/services" name="TestPolicySetController_MockServerOperations" time="0.000000"></testcase>
		<testcase classname="github.com/zscaler/zscaler-sdk-go/v3/tests/unit/zpa/services" name="TestPostureProfile_MockServerOperations/GET_posture_profile_by_ID" time="0.000000"></testcase>
		<testcase classname="github.com/zscaler/zscaler-sdk-go/v3/tests/unit/zpa/services" name="TestPostureProfile_MockServerOperations/GET_all_posture_profiles" time="0.000000"></testcase>
		<testcase classname="github.com/zscaler/zscaler-sdk-go/v3/tests/unit/zpa/services" name="TestPostureProfile_MockServerOperations" time="0.000000"></testcase>
		<testcase classname="github.com/zscaler/zscaler-sdk-go/v3/tests/unit/zpa/services" name="TestPRAApproval_MockServerOperations/GET_approval_by_ID" time="0.000000"></testcase>
		<testcase classname="github.com/zscaler/zscaler-sdk-go/v3/tests/unit/zpa/services" name="TestPRAApproval_MockServerOperations" time="0.000000"></testcase>
		<testcase classname="github.com/zscaler/zscaler-sdk-go/v3/tests/unit/zpa/services" name="TestPRAConsole_MockServerOperations/GET_console_by_ID" time="0.000000"></testcase>
		<testcase classname="github.com/zscaler/zscaler-sdk-go/v3/tests/unit/zpa/services" name="TestPRAConsole_MockServerOperations" time="0.000000"></testcase>
		<testcase classname="github.com/zscaler/zscaler-sdk-go/v3/tests/unit/zpa/services" name="TestPRACredential_MockServerOperations/GET_credential_by_ID" time="0.000000"></testcase>
		<testcase classname="github.com/zscaler/zscaler-sdk-go/v3/tests/unit/zpa/services" name="TestPRACredential_MockServerOperations" time="0.000000"></testcase>
		<testcase classname="github.com/zscaler/zscaler-sdk-go/v3/tests/unit/zpa/services" name="TestPRACredentialPool_MockServerOperations/GET_pool_by_ID" time="0.000000"></testcase>
		<testcase classname="github.com/zscaler/zscaler-sdk-go/v3/tests/unit/zpa/services" name="TestPRACredentialPool_MockServerOperations" time="0.000000"></testcase>
		<testcase classname="github.com/zscaler/zscaler-sdk-go/v3/tests/unit/zpa/services" name="TestPRAPortal_MockServerOperations/GET_portal_by_ID" time="0.000000"></testcase>
		<testcase classname="github.com/zscaler/zscaler-sdk-go/v3/tests/unit/zpa/services" name="TestPRAPortal_MockServerOperations" time="0.000000"></testcase>
		<testcase classname="github.com/zscaler/zscaler-sdk-go/v3/tests/unit/zpa/services" name="TestPrivateCloudController_MockServerOperations/GET_controller_by_ID" time="0.000000"></testcase>
		<testcase classname="github.com/zscaler/zscaler-sdk-go/v3/tests/unit/zpa/services" name="TestPrivateCloudController_MockServerOperations" time="0.000000"></testcase>
		<testcase classname="github.com/zscaler/zscaler-sdk-go/v3/tests/unit/zpa/services" name="TestPrivateCloudGroup_MockServerOperations/GET_group_by_ID" time="0.000000"></testcase>
		<testcase classname="github.com/zscaler/zscaler-sdk-go/v3/tests/unit/zpa/services" name="TestPrivateCloudGroup_MockServerOperations" time="0.000000"></testcase>
		<testcase classname="github.com/zscaler/zscaler-sdk-go/v3/tests/unit/zpa/services" name="TestProvisioningKey_MockServerOperations/GET_provisioning_key_by_ID" time="0.000000"></testcase>
		<testcase classname="github.com/zscaler/zscaler-sdk-go/v3/tests/unit/zpa/services" name="TestProvisioningKey_MockServerOperations/POST_create_provisioning_key" time="0.000000"></testcase>
		<testcase classname="github.com/zscaler/zscaler-sdk-go/v3/tests/unit/zpa/services" name="TestProvisioningKey_MockServerOperations/DELETE_provisioning_key" time="0.000000"></testcase>
		<testcase classname="github.com/zscaler/zscaler-sdk-go/v3/tests/unit/zpa/services" name="TestProvisioningKey_MockServerOperations" time="0.000000"></testcase>
		<testcase classname="github.com/zscaler/zscaler-sdk-go/v3/tests/unit/zpa/services" name="TestRoleController_MockServerOperations/GET_role_by_ID" time="0.000000"></testcase>
		<testcase classname="github.com/zscaler/zscaler-sdk-go/v3/tests/unit/zpa/services" name="TestRoleController_MockServerOperations" time="0.000000"></testcase>
		<testcase classname="github.com/zscaler/zscaler-sdk-go/v3/tests/unit/zpa/services" name="TestSamlAttribute_MockServerOperations/GET_SAML_attribute_by_ID" time="0.000000"></testcase>
		<testcase classname="github.com/zscaler/zscaler-sdk-go/v3/tests/unit/zpa/services" name="TestSamlAttribute_MockServerOperations/GET_all_SAML_attributes" time="0.000000"></testcase>
		<testcase classname="github.com/zscaler/zscaler-sdk-go/v3/tests/unit/zpa/services" name="TestSamlAttribute_MockServerOperations" time="0.000000"></testcase>
		<testcase classname="github.com/zscaler/zscaler-sdk-go/v3/tests/unit/zpa/services" name="TestScimAttributeHeader_MockServerOperations/GET_attribute_header_by_ID" time="0.000000"></testcase>
		<testcase classname="github.com/zscaler/zscaler-sdk-go/v3/tests/unit/zpa/services" name="TestScimAttributeHeader_MockServerOperations" time="0.000000"></testcase>
		<testcase classname="github.com/zscaler/zscaler-sdk-go/v3/tests/unit/zpa/services" name="TestScimGroup_MockServerOperations/GET_SCIM_group_by_ID" time="0.000000"></testcase>
		<testcase classname="github.com/zscaler/zscaler-sdk-go/v3/tests/unit/zpa/services" name="TestScimGroup_MockServerOperations" time="0.000000"></testcase>
		<testcase classname="github.com/zscaler/zscaler-sdk-go/v3/tests/unit/zpa/services" name="TestSegmentGroup_MockServerOperations/GET_segment_group_by_ID" time="0.000000"></testcase>
		<testcase classname="github.com/zscaler/zscaler-sdk-go/v3/tests/unit/zpa/services" name="TestSegmentGroup_MockServerOperations/GET_all_segment_groups" time="0.000000"></testcase>
		<testcase classname="github.com/zscaler/zscaler-sdk-go/v3/tests/unit/zpa/services" name="TestSegmentGroup_MockServerOperations/POST_create_segment_group" time="0.000000"></testcase>
		<testcase classname="github.com/zscaler/zscaler-sdk-go/v3/tests/unit/zpa/services" name="TestSegmentGroup_MockServerOperations/PUT_update_segment_group" time="0.000000"></testcase>
		<testcase classname="github.com/zscaler/zscaler-sdk-go/v3/tests/unit/zpa/services" name="TestSegmentGroup_MockServerOperations/DELETE_segment_group" time="0.000000"></testcase>
		<testcase classname="github.com/zscaler/zscaler-sdk-go/v3/tests/unit/zpa/services" name="TestSegmentGroup_MockServerOperations" time="0.000000"></testcase>
		<testcase classname="github.com/zscaler/zscaler-sdk-go/v3/tests/unit/zpa/services" name="TestServerGroup_MockServerOperations/GET_server_group_by_ID" time="0.000000"></testcase>
		<testcase classname="github.com/zscaler/zscaler-sdk-go/v3/tests/unit/zpa/services" name="TestServerGroup_MockServerOperations/GET_all_server_groups" time="0.000000"></testcase>
		<testcase classname="github.com/zscaler/zscaler-sdk-go/v3/tests/unit/zpa/services" name="TestServerGroup_MockServerOperations/POST_create_server_group" time="0.000000"></testcase>
		<testcase classname="github.com/zscaler/zscaler-sdk-go/v3/tests/unit/zpa/services" name="TestServerGroup_MockServerOperations/PUT_update_server_group" time="0.000000"></testcase>
		<testcase classname="github.com/zscaler/zscaler-sdk-go/v3/tests/unit/zpa/services" name="TestServerGroup_MockServerOperations/DELETE_server_group" time="0.000000"></testcase>
		<testcase classname="github.com/zscaler/zscaler-sdk-go/v3/tests/unit/zpa/services" name="TestServerGroup_MockServerOperations" time="0.000000"></testcase>
		<testcase classname="github.com/zscaler/zscaler-sdk-go/v3/tests/unit/zpa/services" name="TestServerGroup_GetByName/Search_returns_matching_server_group" time="0.000000"></testcase>
		<testcase classname="github.com/zscaler/zscaler-sdk-go/v3/tests/unit/zpa/services" name="TestServerGroup_GetByName" time="0.000000"></testcase>
		<testcase classname="github.com/zscaler/zscaler-sdk-go/v3/tests/unit/zpa/services" name="TestServiceEdgeController_MockServerOperations/GET_service_edge_by_ID" time="0.000000"></testcase>
		<testcase classname="github.com/zscaler/zscaler-sdk-go/v3/tests/unit/zpa/services" name="TestServiceEdgeController_MockServerOperations" time="0.000000"></testcase>
		<testcase classname="github.com/zscaler/zscaler-sdk-go/v3/tests/unit/zpa/services" name="TestServiceEdgeGroup_MockServerOperations/GET_service_edge_group_by_ID" time="0.000000"></testcase>
		<testcase classname="github.com/zscaler/zscaler-sdk-go/v3/tests/unit/zpa/services" name="TestServiceEdgeGroup_MockServerOperations/POST_create_service_edge_group" time="0.000000"></testcase>
		<testcase classname="github.com/zscaler/zscaler-sdk-go/v3/tests/unit/zpa/services" name="TestServiceEdgeGroup_MockServerOperations/DELETE_service_edge_group" time="0.000000"></testcase>
		<testcase classname="github.com/zscaler/zscaler-sdk-go/v3/tests/unit/zpa/services" name="TestServiceEdgeGroup_MockServerOperations" time="0.000000"></testcase>
		<testcase classname="github.com/zscaler/zscaler-sdk-go/v3/tests/unit/zpa/services" name="TestServiceEdgeSchedule_MockServerOperations/GET_schedule" time="0.000000"></testcase>
		<testcase classname="github.com/zscaler/zscaler-sdk-go/v3/tests/unit/zpa/services" name="TestServiceEdgeSchedule_MockServerOperations" time="0.000000"></testcase>
		<testcase classname="github.com/zscaler/zscaler-sdk-go/v3/tests/unit/zpa/services" name="TestStepUpAuth_MockServerOperations/GET_step_up_auth_level" time="0.000000"></testcase>
		<testcase classname="github.com/zscaler/zscaler-sdk-go/v3/tests/unit/zpa/services" name="TestStepUpAuth_MockServerOperations" time="0.000000"></testcase>
		<testcase classname="github.com/zscaler/zscaler-sdk-go/v3/tests/unit/zpa/services" name="TestTrustedNetwork_MockServerOperations/GET_trusted_network_by_ID" time="0.000000"></testcase>
		<testcase classname="github.com/zscaler/zscaler-sdk-go/v3/tests/unit/zpa/services" name="TestTrustedNetwork_MockServerOperations/GET_all_trusted_networks" time="0.000000"></testcase>
		<testcase classname="github.com/zscaler/zscaler-sdk-go/v3/tests/unit/zpa/services" name="TestTrustedNetwork_MockServerOperations" time="0.000000"></testcase>
		<testcase classname="github.com/zscaler/zscaler-sdk-go/v3/tests/unit/zpa/services" name="TestUserPortalAup_MockServerOperations/GET_AUP_by_ID" time="0.000000"></testcase>
		<testcase classname="github.com/zscaler/zscaler-sdk-go/v3/tests/unit/zpa/services" name="TestUserPortalAup_MockServerOperations/GET_all_AUPs" time="0.000000"></testcase>
		<testcase classname="github.com/zscaler/zscaler-sdk-go/v3/tests/unit/zpa/services" name="TestUserPortalAup_MockServerOperations/POST_create_AUP" time="0.000000"></testcase>
		<testcase classname="github.com/zscaler/zscaler-sdk-go/v3/tests/unit/zpa/services" name="TestUserPortalAup_MockServerOperations/PUT_update_AUP" time="0.000000"></testcase>
		<testcase classname="github.com/zscaler/zscaler-sdk-go/v3/tests/unit/zpa/services" name="TestUserPortalAup_MockServerOperations/DELETE_AUP" time="0.000000"></testcase>
		<testcase classname="github.com/zscaler/zscaler-sdk-go/v3/tests/unit/zpa/services" name="TestUserPortalAup_MockServerOperations" time="0.000000"></testcase>
		<testcase classname="github.com/zscaler/zscaler-sdk-go/v3/tests/unit/zpa/services" name="TestUserPortalController_MockServerOperations/GET_portal_by_ID" time="0.000000"></testcase>
		<testcase classname="github.com/zscaler/zscaler-sdk-go/v3/tests/unit/zpa/services" name="TestUserPortalController_MockServerOperations/GET_all_portals" time="0.000000"></testcase>
		<testcase classname="github.com/zscaler/zscaler-sdk-go/v3/tests/unit/zpa/services" name="TestUserPortalController_MockServerOperations/POST_create_portal" time="0.000000"></testcase>
		<testcase classname="github.com/zscaler/zscaler-sdk-go/v3/tests/unit/zpa/services" name="TestUserPortalController_MockServerOperations/DELETE_portal" time="0.000000"></testcase>
		<testcase classname="github.com/zscaler/zscaler-sdk-go/v3/tests/unit/zpa/services" name="TestUserPortalController_MockServerOperations" time="0.000000"></testcase>
		<testcase classname="github.com/zscaler/zscaler-sdk-go/v3/tests/unit/zpa/services" name="TestUserPortalLink_MockServerOperations/GET_link_by_ID" time="0.000000"></testcase>
		<testcase classname="github.com/zscaler/zscaler-sdk-go/v3/tests/unit/zpa/services" name="TestUserPortalLink_MockServerOperations/GET_links_by_user_portal_ID" time="0.000000"></testcase>
		<testcase classname="github.com/zscaler/zscaler-sdk-go/v3/tests/unit/zpa/services" name="TestUserPortalLink_MockServerOperations/POST_create_link" time="0.000000"></testcase>
		<testcase classname="github.com/zscaler/zscaler-sdk-go/v3/tests/unit/zpa/services" name="TestUserPortalLink_MockServerOperations/POST_bulk_create_links" time="0.000000"></testcase>
		<testcase classname="github.com/zscaler/zscaler-sdk-go/v3/tests/unit/zpa/services" name="TestUserPortalLink_MockServerOperations/DELETE_link" time="0.000000"></testcase>
		<testcase classname="github.com/zscaler/zscaler-sdk-go/v3/tests/unit/zpa/services" name="TestUserPortalLink_MockServerOperations" time="0.000000"></testcase>
		<testcase classname="github.com/zscaler/zscaler-sdk-go/v3/tests/unit/zpa/services" name="TestWorkloadTagGroup_MockServerOperations/GET_workload_tag_group" time="0.000000"></testcase>
		<testcase classname="github.com/zscaler/zscaler-sdk-go/v3/tests/unit/zpa/services" name="TestWorkloadTagGroup_MockServerOperations" time="0.000000"></testcase>
		<testcase classname="github.com/zscaler/zscaler-sdk-go/v3/tests/unit/zpa/services" name="TestApplicationSegmentByType_Structure/AppSegmentBaseAppDto_JSON_marshaling" time="0.000000"></testcase>
		<testcase classname="github.com/zscaler/zscaler-sdk-go/v3/tests/unit/zpa/services" name="TestApplicationSegmentByType_Structure" time="0.000000"></testcase>
		<testcase classname="github.com/zscaler/zscaler-sdk-go/v3/tests/unit/zpa/services" name="TestAppSegmentShare_Structure/AppSegmentSharedToMicrotenant_JSON_marshaling" time="0.000000"></testcase>
		<testcase classname="github.com/zscaler/zscaler-sdk-go/v3/tests/unit/zpa/services" name="TestAppSegmentShare_Structure" time="0.000000"></testcase>
		<testcase classname="github.com/zscaler/zscaler-sdk-go/v3/tests/unit/zpa/services" name="TestManagedBrowser_Structure/ManagedBrowserProfile_JSON_marshaling" time="0.000000"></testcase>
		<testcase classname="github.com/zscaler/zscaler-sdk-go/v3/tests/unit/zpa/services" name="TestManagedBrowser_Structure" time="0.000000"></testcase>
		<testcase classname="github.com/zscaler/zscaler-sdk-go/v3/tests/unit/zpa/services" name="TestIsolationProfile_Structure/IsolationProfile_JSON_marshaling" time="0.000000"></testcase>
		<testcase classname="github.com/zscaler/zscaler-sdk-go/v3/tests/unit/zpa/services" name="TestIsolationProfile_Structure" time="0.000000"></testcase>
		<testcase classname="github.com/zscaler/zscaler-sdk-go/v3/tests/unit/zpa/services" name="TestStepUpAuth_Structure/StepAuthLevel_JSON_marshaling" time="0.000000"></testcase>
		<testcase classname="github.com/zscaler/zscaler-sdk-go/v3/tests/unit/zpa/services" name="TestStepUpAuth_Structure" time="0.000000"></testcase>
		<testcase classname="github.com/zscaler/zscaler-sdk-go/v3/tests/unit/zpa/services" name="TestSegmentGroup_MicroTenant/SegmentGroup_with_MicroTenantID" time="0.000000"></testcase>
		<testcase classname="github.com/zscaler/zscaler-sdk-go/v3/tests/unit/zpa/services" name="TestSegmentGroup_MicroTenant/Parse_response_with_MicroTenantName" time="0.000000"></testcase>
		<testcase classname="github.com/zscaler/zscaler-sdk-go/v3/tests/unit/zpa/services" name="TestSegmentGroup_MicroTenant" time="0.000000"></testcase>
		<testcase classname="github.com/zscaler/zscaler-sdk-go/v3/tests/unit/zpa/services" name="TestCBIProfileController_Structure/IsolationProfile_JSON_marshaling" time="0.000000"></testcase>
		<testcase classname="github.com/zscaler/zscaler-sdk-go/v3/tests/unit/zpa/services" name="TestCBIProfileController_Structure" time="0.000000"></testcase>
		<testcase classname="github.com/zscaler/zscaler-sdk-go/v3/tests/unit/zpa/services" name="TestMachineGroup_Structure/MachineGroup_JSON_marshaling" time="0.000000"></testcase>
		<testcase classname="github.com/zscaler/zscaler-sdk-go/v3/tests/unit/zpa/services" name="TestMachineGroup_Structure/MachineGroup_from_API_response" time="0.000000"></testcase>
		<testcase classname="github.com/zscaler/zscaler-sdk-go/v3/tests/unit/zpa/services" name="TestMachineGroup_Structure/Machines_structure" time="0.000000"></testcase>
		<testcase classname="github.com/zscaler/zscaler-sdk-go/v3/tests/unit/zpa/services" name="TestMachineGroup_Structure" time="0.000000"></testcase>
		<testcase classname="github.com/zscaler/zscaler-sdk-go/v3/tests/unit/zpa/services" name="TestAppSegmentBrowserAccess_Structure/BrowserAccess_JSON_marshaling" time="0.000000"></testcase>
		<testcase classname="github.com/zscaler/zscaler-sdk-go/v3/tests/unit/zpa/services" name="TestAppSegmentBrowserAccess_Structure" time="0.000000"></testcase>
		<testcase classname="github.com/zscaler/zscaler-sdk-go/v3/tests/unit/zpa/services" name="TestLocationController_Structure/CommonSummary_JSON_marshaling" time="0.000000"></testcase>
		<testcase classname="github.com/zscaler/zscaler-sdk-go/v3/tests/unit/zpa/services" name="TestLocationController_Structure" time="0.000000"></testcase>
		<testcase classname="github.com/zscaler/zscaler-sdk-go/v3/tests/unit/zpa/services" name="TestAppSegmentInspection_Structure/AppSegmentInspection_JSON_marshaling" time="0.000000"></testcase>
		<testcase classname="github.com/zscaler/zscaler-sdk-go/v3/tests/unit/zpa/services" name="TestAppSegmentInspection_Structure" time="0.000000"></testcase>
		<testcase classname="github.com/zscaler/zscaler-sdk-go/v3/tests/unit/zpa/services" name="TestWorkloadTagGroup_Structure/CommonSummary_JSON_marshaling" time="0.000000"></testcase>
		<testcase classname="github.com/zscaler/zscaler-sdk-go/v3/tests/unit/zpa/services" name="TestWorkloadTagGroup_Structure" time="0.000000"></testcase>
		<testcase classname="github.com/zscaler/zscaler-sdk-go/v3/tests/unit/zpa/services" name="TestServiceEdgeController_SpecialCases/BulkDeleteRequest" time="0.000000"></testcase>
		<testcase classname="github.com/zscaler/zscaler-sdk-go/v3/tests/unit/zpa/services" name="TestServiceEdgeController_SpecialCases" time="0.000000"></testcase>
		<testcase classname="github.com/zscaler/zscaler-sdk-go/v3/tests/unit/zpa/services" name="TestInspectionPredefinedControls_Structure/PredefinedControls_JSON_marshaling" time="0.000000"></testcase>
		<testcase classname="github.com/zscaler/zscaler-sdk-go/v3/tests/unit/zpa/services" name="TestInspectionPredefinedControls_Structure" time="0.000000"></testcase>
		<testcase classname="github.com/zscaler/zscaler-sdk-go/v3/tests/unit/zpa/services" name="TestAppConnectorController_Structure/AppConnector_JSON_marshaling" time="0.000000"></testcase>
		<testcase classname="github.com/zscaler/zscaler-sdk-go/v3/tests/unit/zpa/services" name="TestAppConnectorController_Structure/AppConnector_from_API_response" time="0.000000"></testcase>
		<testcase classname="github.com/zscaler/zscaler-sdk-go/v3/tests/unit/zpa/services" name="TestAppConnectorController_Structure" time="0.000000"></testcase>
		<testcase classname="github.com/zscaler/zscaler-sdk-go/v3/tests/unit/zpa/services" name="TestServiceEdgeSchedule_Structure/AssistantSchedule_JSON_marshaling" time="0.000000"></testcase>
		<testcase classname="github.com/zscaler/zscaler-sdk-go/v3/tests/unit/zpa/services" name="TestServiceEdgeSchedule_Structure" time="0.000000"></testcase>
		<testcase classname="github.com/zscaler/zscaler-sdk-go/v3/tests/unit/zpa/services" name="TestTrustedNetwork_Structure/TrustedNetwork_JSON_marshaling" time="0.000000"></testcase>
		<testcase classname="github.com/zscaler/zscaler-sdk-go/v3/tests/unit/zpa/services" name="TestTrustedNetwork_Structure/TrustedNetwork_JSON_unmarshaling_from_API_response" time="0.000000"></testcase>
		<testcase classname="github.com/zscaler/zscaler-sdk-go/v3/tests/unit/zpa/services" name="TestTrustedNetwork_Structure" time="0.000000"></testcase>
		<testcase classname="github.com/zscaler/zscaler-sdk-go/v3/tests/unit/zpa/services" name="TestInspectionProfile_Structure/InspectionProfile_JSON_marshaling" time="0.000000"></testcase>
		<testcase classname="github.com/zscaler/zscaler-sdk-go/v3/tests/unit/zpa/services" name="TestInspectionProfile_Structure" time="0.000000"></testcase>
		<testcase classname="github.com/zscaler/zscaler-sdk-go/v3/tests/unit/zpa/services" name="TestTrustedNetwork_ErrorHandling/404_Trusted_Network_Not_Found" time="0.000000"></testcase>
		<testcase classname="github.com/zscaler/zscaler-sdk-go/v3/tests/unit/zpa/services" name="TestTrustedNetwork_ErrorHandling" time="0.000000"></testcase>
		<testcase classname="github.com/zscaler/zscaler-sdk-go/v3/tests/unit/zpa/services" name="TestApplicationSegment_SpecialCases/Bypass_types" time="0.000000"></testcase>
		<testcase classname="github.com/zscaler/zscaler-sdk-go/v3/tests/unit/zpa/services" name="TestApplicationSegment_SpecialCases/Health_check_types" time="0.000000"></testcase>
		<testcase classname="github.com/zscaler/zscaler-sdk-go/v3/tests/unit/zpa/services" name="TestApplicationSegment_SpecialCases" time="0.000000"></testcase>
		<testcase classname="github.com/zscaler/zscaler-sdk-go/v3/tests/unit/zpa/services" name="TestBranchConnector_Structure/BranchConnector_JSON_marshaling" time="0.000000"></testcase>
		<testcase classname="github.com/zscaler/zscaler-sdk-go/v3/tests/unit/zpa/services" name="TestBranchConnector_Structure" time="0.000000"></testcase>
		<testcase classname="github.com/zscaler/zscaler-sdk-go/v3/tests/unit/zpa/services" name="TestUserPortalController_Structure/UserPortalController_JSON_marshaling" time="0.000000"></testcase>
		<testcase classname="github.com/zscaler/zscaler-sdk-go/v3/tests/unit/zpa/services" name="TestUserPortalController_Structure/UserPortalController_from_API_response" time="0.000000"></testcase>
		<testcase classname="github.com/zscaler/zscaler-sdk-go/v3/tests/unit/zpa/services" name="TestUserPortalController_Structure" time="0.000000"></testcase>
		<testcase classname="github.com/zscaler/zscaler-sdk-go/v3/tests/unit/zpa/services" name="TestCBICertificateController_Structure/CBICertificate_JSON_marshaling" time="0.000000"></testcase>
		<testcase classname="github.com/zscaler/zscaler-sdk-go/v3/tests/unit/zpa/services" name="TestCBICertificateController_Structure" time="0.000000"></testcase>
		<testcase classname="github.com/zscaler/zscaler-sdk-go/v3/tests/unit/zpa/services" name="TestApplicationSegment_Structure/ApplicationSegmentResource_JSON_marshaling" time="0.000000"></testcase>
		<testcase classname="github.com/zscaler/zscaler-sdk-go/v3/tests/unit/zpa/services" name="TestApplicationSegment_Structure/ApplicationSegmentResource_from_API_response" time="0.000000"></testcase>
		<testcase classname="github.com/zscaler/zscaler-sdk-go/v3/tests/unit/zpa/services" name="TestApplicationSegment_Structure" time="0.000000"></testcase>
		<testcase classname="github.com/zscaler/zscaler-sdk-go/v3/tests/unit/zpa/services" name="TestUserPortalLink_SpecialCases/Protocol_types" time="0.000000"></testcase>
		<testcase classname="github.com/zscaler/zscaler-sdk-go/v3/tests/unit/zpa/services" name="TestUserPortalLink_SpecialCases/Link_with_multiple_portals" time="0.000000"></testcase>
		<testcase classname="github.com/zscaler/zscaler-sdk-go/v3/tests/unit/zpa/services" name="TestUserPortalLink_SpecialCases" time="0.000000"></testcase>
		<testcase classname="github.com/zscaler/zscaler-sdk-go/v3/tests/unit/zpa/services" name="TestServiceEdgeController_Structure/ServiceEdgeController_JSON_marshaling" time="0.000000"></testcase>
		<testcase classname="github.com/zscaler/zscaler-sdk-go/v3/tests/unit/zpa/services" name="TestServiceEdgeController_Structure" time="0.000000"></testcase>
		<testcase classname="github.com/zscaler/zscaler-sdk-go/v3/tests/unit/zpa/services" name="TestCBIBannerController_Structure/CBIBannerController_JSON_marshaling" time="0.000000"></testcase>
		<testcase classname="github.com/zscaler/zscaler-sdk-go/v3/tests/unit/zpa/services" name="TestCBIBannerController_Structure" time="0.000000"></testcase>
		<testcase classname="github.com/zscaler/zscaler-sdk-go/v3/tests/unit/zpa/services" name="TestServerGroup_SpecialCases/Server_group_with_empty_servers_list" time="0.000000"></testcase>
		<testcase classname="github.com/zscaler/zscaler-sdk-go/v3/tests/unit/zpa/services" name="TestServerGroup_SpecialCases/Dynamic_discovery_enabled" time="0.000000"></testcase>
		<testcase classname="github.com/zscaler/zscaler-sdk-go/v3/tests/unit/zpa/services" name="TestServerGroup_SpecialCases/IP_Anchored_configuration" time="0.000000"></testcase>
		<testcase classname="github.com/zscaler/zscaler-sdk-go/v3/tests/unit/zpa/services" name="TestServerGroup_SpecialCases/Extranet_enabled" time="0.000000"></testcase>
		<testcase classname="github.com/zscaler/zscaler-sdk-go/v3/tests/unit/zpa/services" name="TestServerGroup_SpecialCases" time="0.000000"></testcase>
		<testcase classname="github.com/zscaler/zscaler-sdk-go/v3/tests/unit/zpa/services" name="TestCBIRegions_Structure/CBIRegions_JSON_marshaling" time="0.000000"></testcase>
		<testcase classname="github.com/zscaler/zscaler-sdk-go/v3/tests/unit/zpa/services" name="TestCBIRegions_Structure" time="0.000000"></testcase>
		<testcase classname="github.com/zscaler/zscaler-sdk-go/v3/tests/unit/zpa/services" name="TestUserPortalAup_SpecialCases/Long_AUP_content" time="0.000000"></testcase>
		<testcase classname="github.com/zscaler/zscaler-sdk-go/v3/tests/unit/zpa/services" name="TestUserPortalAup_SpecialCases/Disabled_AUP" time="0.000000"></testcase>
		<testcase classname="github.com/zscaler/zscaler-sdk-go/v3/tests/unit/zpa/services" name="TestUserPortalAup_SpecialCases" time="0.000000"></testcase>
		<testcase classname="github.com/zscaler/zscaler-sdk-go/v3/tests/unit/zpa/services" name="TestServerGroup_ResponseParsing/Parse_single_server_group_response" time="0.000000"></testcase>
		<testcase classname="github.com/zscaler/zscaler-sdk-go/v3/tests/unit/zpa/services" name="TestServerGroup_ResponseParsing/Parse_server_group_list_response" time="0.000000"></testcase>
		<testcase classname="github.com/zscaler/zscaler-sdk-go/v3/tests/unit/zpa/services" name="TestServerGroup_ResponseParsing" time="0.000000"></testcase>
		<testcase classname="github.com/zscaler/zscaler-sdk-go/v3/tests/unit/zpa/services" name="TestScimAttributeHeader_Structure/ScimAttributeHeader_JSON_marshaling" time="0.000000"></testcase>
		<testcase classname="github.com/zscaler/zscaler-sdk-go/v3/tests/unit/zpa/services" name="TestScimAttributeHeader_Structure" time="0.000000"></testcase>
		<testcase classname="github.com/zscaler/zscaler-sdk-go/v3/tests/unit/zpa/services" name="TestBranchConnectorGroup_Structure/CommonSummary_JSON_marshaling" time="0.000000"></testcase>
		<testcase classname="github.com/zscaler/zscaler-sdk-go/v3/tests/unit/zpa/services" name="TestBranchConnectorGroup_Structure" time="0.000000"></testcase>
		<testcase classname="github.com/zscaler/zscaler-sdk-go/v3/tests/unit/zpa/services" name="TestServiceEdgeGroup_Structure/ServiceEdgeGroup_JSON_marshaling" time="0.000000"></testcase>
		<testcase classname="github.com/zscaler/zscaler-sdk-go/v3/tests/unit/zpa/services" name="TestServiceEdgeGroup_Structure/ServiceEdgeGroup_from_API_response" time="0.000000"></testcase>
		<testcase classname="github.com/zscaler/zscaler-sdk-go/v3/tests/unit/zpa/services" name="TestServiceEdgeGroup_Structure" time="0.000000"></testcase>
		<testcase classname="github.com/zscaler/zscaler-sdk-go/v3/tests/unit/zpa/services" name="TestSegmentGroup_ResponseParsing/Parse_single_segment_group_response" time="0.000000"></testcase>
		<testcase classname="github.com/zscaler/zscaler-sdk-go/v3/tests/unit/zpa/services" name="TestSegmentGroup_ResponseParsing/Parse_segment_group_list_response" time="0.000000"></testcase>
		<testcase classname="github.com/zscaler/zscaler-sdk-go/v3/tests/unit/zpa/services" name="TestSegmentGroup_ResponseParsing" time="0.000000"></testcase>
		<testcase classname="github.com/zscaler/zscaler-sdk-go/v3/tests/unit/zpa/services" name="TestPRACredential_Structure/Credential_JSON_marshaling" time="0.000000"></testcase>
		<testcase classname="github.com/zscaler/zscaler-sdk-go/v3/tests/unit/zpa/services" name="TestPRACredential_Structure" time="0.000000"></testcase>
		<testcase classname="github.com/zscaler/zscaler-sdk-go/v3/tests/unit/zpa/services" name="TestUserPortalAup_ResponseParsing/Parse_AUP_list_response" time="0.000000"></testcase>
		<testcase classname="github.com/zscaler/zscaler-sdk-go/v3/tests/unit/zpa/services" name="TestUserPortalAup_ResponseParsing" time="0.000000"></testcase>
		<testcase classname="github.com/zscaler/zscaler-sdk-go/v3/tests/unit/zpa/services" name="TestTrustedNetwork_ResponseParsing/Parse_trusted_network_list_response" time="0.000000"></testcase>
		<testcase classname="github.com/zscaler/zscaler-sdk-go/v3/tests/unit/zpa/services" name="TestTrustedNetwork_ResponseParsing" time="0.000000"></testcase>
		<testcase classname="github.com/zscaler/zscaler-sdk-go/v3/tests/unit/zpa/services" name="TestC2CIPRanges_Structure/IPRanges_JSON_marshaling" time="0.000000"></testcase>
		<testcase classname="github.com/zscaler/zscaler-sdk-go/v3/tests/unit/zpa/services" name="TestC2CIPRanges_Structure" time="0.000000"></testcase>
		<testcase classname="github.com/zscaler/zscaler-sdk-go/v3/tests/unit/zpa/services" name="TestBrowserProtection_Structure/BrowserProtection_JSON_marshaling" time="0.000000"></testcase>
		<testcase classname="github.com/zscaler/zscaler-sdk-go/v3/tests/unit/zpa/services" name="TestBrowserProtection_Structure" time="0.000000"></testcase>
		<testcase classname="github.com/zscaler/zscaler-sdk-go/v3/tests/unit/zpa/services" name="TestUserPortalAup_Structure/UserPortalAup_JSON_marshaling" time="0.000000"></testcase>
		<testcase classname="github.com/zscaler/zscaler-sdk-go/v3/tests/unit/zpa/services" name="TestUserPortalAup_Structure/UserPortalAup_from_API_response" time="0.000000"></testcase>
		<testcase classname="github.com/zscaler/zscaler-sdk-go/v3/tests/unit/zpa/services" name="TestUserPortalAup_Structure" time="0.000000"></testcase>
		<testcase classname="github.com/zscaler/zscaler-sdk-go/v3/tests/unit/zpa/services" name="TestUserPortalLink_Structure/UserPortalLink_JSON_marshaling" time="0.000000"></testcase>
		<testcase classname="github.com/zscaler/zscaler-sdk-go/v3/tests/unit/zpa/services" name="TestUserPortalLink_Structure/UserPortalLink_from_API_response" time="0.000000"></testcase>
		<testcase classname="github.com/zscaler/zscaler-sdk-go/v3/tests/unit/zpa/services" name="TestUserPortalLink_Structure/PortalLinkBulkRequest_JSON_marshaling" time="0.000000"></testcase>
		<testcase classname="github.com/zscaler/zscaler-sdk-go/v3/tests/unit/zpa/services" name="TestUserPortalLink_Structure" time="0.000000"></testcase>
		<testcase classname="github.com/zscaler/zscaler-sdk-go/v3/tests/unit/zpa/services" name="TestScimGroup_Structure/ScimGroup_JSON_marshaling" time="0.000000"></testcase>
		<testcase classname="github.com/zscaler/zscaler-sdk-go/v3/tests/unit/zpa/services" name="TestScimGroup_Structure/ScimGroup_from_API_response" time="0.000000"></testcase>
		<testcase classname="github.com/zscaler/zscaler-sdk-go/v3/tests/unit/zpa/services" name="TestScimGroup_Structure" time="0.000000"></testcase>
		<testcase classname="github.com/zscaler/zscaler-sdk-go/v3/tests/unit/zpa/services" name="TestServerGroup_Structure/ServerGroup_JSON_marshaling" time="0.000000"></testcase>
		<testcase classname="github.com/zscaler/zscaler-sdk-go/v3/tests/unit/zpa/services" name="TestServerGroup_Structure/ServerGroup_JSON_unmarshaling_from_API_response" time="0.000000"></testcase>
		<testcase classname="github.com/zscaler/zscaler-sdk-go/v3/tests/unit/zpa/services" name="TestServerGroup_Structure/Applications_structure" time="0.000000"></testcase>
		<testcase classname="github.com/zscaler/zscaler-sdk-go/v3/tests/unit/zpa/services" name="TestServerGroup_Structure/Connectors_structure" time="0.000000"></testcase>
		<testcase classname="github.com/zscaler/zscaler-sdk-go/v3/tests/unit/zpa/services" name="TestServerGroup_Structure" time="0.000000"></testcase>
		<testcase classname="github.com/zscaler/zscaler-sdk-go/v3/tests/unit/zpa/services" name="TestSamlAttribute_SpecialCases/Common_SAML_attributes" time="0.000000"></testcase>
		<testcase classname="github.com/zscaler/zscaler-sdk-go/v3/tests/unit/zpa/services" name="TestSamlAttribute_SpecialCases" time="0.000000"></testcase>
		<testcase classname="github.com/zscaler/zscaler-sdk-go/v3/tests/unit/zpa/services" name="TestProvisioningKey_SpecialCases/Association_types" time="0.000000"></testcase>
		<testcase classname="github.com/zscaler/zscaler-sdk-go/v3/tests/unit/zpa/services" name="TestProvisioningKey_SpecialCases" time="0.000000"></testcase>
		<testcase classname="github.com/zscaler/zscaler-sdk-go/v3/tests/unit/zpa/services" name="TestPrivateCloudGroup_Structure/PrivateCloudGroup_JSON_marshaling" time="0.000000"></testcase>
		<testcase classname="github.com/zscaler/zscaler-sdk-go/v3/tests/unit/zpa/services" name="TestPrivateCloudGroup_Structure" time="0.000000"></testcase>
		<testcase classname="github.com/zscaler/zscaler-sdk-go/v3/tests/unit/zpa/services" name="TestProvisioningKey_Structure/ProvisioningKey_JSON_marshaling" time="0.000000"></testcase>
		<testcase classname="github.com/zscaler/zscaler-sdk-go/v3/tests/unit/zpa/services" name="TestProvisioningKey_Structure/ProvisioningKey_from_API_response" time="0.000000"></testcase>
		<testcase classname="github.com/zscaler/zscaler-sdk-go/v3/tests/unit/zpa/services" name="TestProvisioningKey_Structure" time="0.000000"></testcase>
		<testcase classname="github.com/zscaler/zscaler-sdk-go/v3/tests/unit/zpa/services" name="TestTrustedNetwork_SpecialCases/Network_ID_format_validation" time="0.000000"></testcase>
		<testcase classname="github.com/zscaler/zscaler-sdk-go/v3/tests/unit/zpa/services" name="TestTrustedNetwork_SpecialCases/Network_with_domain" time="0.000000"></testcase>
		<testcase classname="github.com/zscaler/zscaler-sdk-go/v3/tests/unit/zpa/services" name="TestTrustedNetwork_SpecialCases/Zscaler_cloud_configuration" time="0.000000"></testcase>
		<testcase classname="github.com/zscaler/zscaler-sdk-go/v3/tests/unit/zpa/services" name="TestTrustedNetwork_SpecialCases" time="0.000000"></testcase>
		<testcase classname="github.com/zscaler/zscaler-sdk-go/v3/tests/unit/zpa/services" name="TestPlatforms_Structure/Platforms_JSON_marshaling" time="0.000000"></testcase>
		<testcase classname="github.com/zscaler/zscaler-sdk-go/v3/tests/unit/zpa/services" name="TestPlatforms_Structure" time="0.000000"></testcase>
		<testcase classname="github.com/zscaler/zscaler-sdk-go/v3/tests/unit/zpa/services" name="TestAppSegmentPRA_Structure/AppSegmentPRA_JSON_marshaling" time="0.000000"></testcase>
		<testcase classname="github.com/zscaler/zscaler-sdk-go/v3/tests/unit/zpa/services" name="TestAppSegmentPRA_Structure" time="0.000000"></testcase>
		<testcase classname="github.com/zscaler/zscaler-sdk-go/v3/tests/unit/zpa/services" name="TestRoleController_Structure/RoleController_JSON_marshaling" time="0.000000"></testcase>
		<testcase classname="github.com/zscaler/zscaler-sdk-go/v3/tests/unit/zpa/services" name="TestRoleController_Structure" time="0.000000"></testcase>
		<testcase classname="github.com/zscaler/zscaler-sdk-go/v3/tests/unit/zpa/services" name="TestServerGroup_ErrorHandling/404_Not_Found" time="0.000000"></testcase>
		<testcase classname="github.com/zscaler/zscaler-sdk-go/v3/tests/unit/zpa/services" name="TestServerGroup_ErrorHandling/400_Bad_Request_-_Missing_app_connector_groups" time="0.000000"></testcase>
		<testcase classname="github.com/zscaler/zscaler-sdk-go/v3/tests/unit/zpa/services" name="TestServerGroup_ErrorHandling" time="0.010000"></testcase>
		<testcase classname="github.com/zscaler/zscaler-sdk-go/v3/tests/unit/zpa/services" name="TestSamlAttribute_Structure/SamlAttribute_JSON_marshaling" time="0.000000"></testcase>
		<testcase classname="github.com/zscaler/zscaler-sdk-go/v3/tests/unit/zpa/services" name="TestSamlAttribute_Structure/SamlAttribute_from_API_response" time="0.000000"></testcase>
		<testcase classname="github.com/zscaler/zscaler-sdk-go/v3/tests/unit/zpa/services" name="TestSamlAttribute_Structure" time="0.000000"></testcase>
		<testcase classname="github.com/zscaler/zscaler-sdk-go/v3/tests/unit/zpa/services" name="TestAppConnectorGroup_ResponseParsing/Parse_single_app_connector_group_response" time="0.000000"></testcase>
		<testcase classname="github.com/zscaler/zscaler-sdk-go/v3/tests/unit/zpa/services" name="TestAppConnectorGroup_ResponseParsing/Parse_app_connector_group_list_response" time="0.000000"></testcase>
		<testcase classname="github.com/zscaler/zscaler-sdk-go/v3/tests/unit/zpa/services" name="TestAppConnectorGroup_ResponseParsing" time="0.000000"></testcase>
		<testcase classname="github.com/zscaler/zscaler-sdk-go/v3/tests/unit/zpa/services" name="TestPrivateCloudController_Structure/PrivateCloudController_JSON_marshaling" time="0.000000"></testcase>
		<testcase classname="github.com/zscaler/zscaler-sdk-go/v3/tests/unit/zpa/services" name="TestPrivateCloudController_Structure" time="0.000000"></testcase>
		<testcase classname="github.com/zscaler/zscaler-sdk-go/v3/tests/unit/zpa/services" name="TestAppConnectorGroup_SpecialCases/Empty_connectors_list" time="0.000000"></testcase>
		<testcase classname="github.com/zscaler/zscaler-sdk-go/v3/tests/unit/zpa/services" name="TestAppConnectorGroup_SpecialCases/Boolean_fields_default_values" time="0.000000"></testcase>
		<testcase classname="github.com/zscaler/zscaler-sdk-go/v3/tests/unit/zpa/services" name="TestAppConnectorGroup_SpecialCases/Microtenant_configuration" time="0.000000"></testcase>
		<testcase classname="github.com/zscaler/zscaler-sdk-go/v3/tests/unit/zpa/services" name="TestAppConnectorGroup_SpecialCases/Version_profile_configuration" time="0.000000"></testcase>
		<testcase classname="github.com/zscaler/zscaler-sdk-go/v3/tests/unit/zpa/services" name="TestAppConnectorGroup_SpecialCases" time="0.000000"></testcase>
		<testcase classname="github.com/zscaler/zscaler-sdk-go/v3/tests/unit/zpa/services" name="TestPRAPortal_Structure/PRAPortal_JSON_marshaling" time="0.000000"></testcase>
		<testcase classname="github.com/zscaler/zscaler-sdk-go/v3/tests/unit/zpa/services" name="TestPRAPortal_Structure" time="0.000000"></testcase>
		<testcase classname="github.com/zscaler/zscaler-sdk-go/v3/tests/unit/zpa/services" name="TestAppSegmentMove_Structure/AppSegmentMicrotenantMoveRequest_JSON_marshaling" time="0.000000"></testcase>
		<testcase classname="github.com/zscaler/zscaler-sdk-go/v3/tests/unit/zpa/services" name="TestAppSegmentMove_Structure" time="0.000000"></testcase>
		<testcase classname="github.com/zscaler/zscaler-sdk-go/v3/tests/unit/zpa/services" name="TestAppConnectorGroup_Structure/AppConnectorGroup_JSON_marshaling" time="0.000000"></testcase>
		<testcase classname="github.com/zscaler/zscaler-sdk-go/v3/tests/unit/zpa/services" name="TestAppConnectorGroup_Structure/AppConnectorGroup_JSON_unmarshaling_from_API_response" time="0.000000"></testcase>
		<testcase classname="github.com/zscaler/zscaler-sdk-go/v3/tests/unit/zpa/services" name="TestAppConnectorGroup_Structure/NPAssistantGroup_structure" time="0.000000"></testcase>
		<testcase classname="github.com/zscaler/zscaler-sdk-go/v3/tests/unit/zpa/services" name="TestAppConnectorGroup_Structure" time="0.000000"></testcase>
		<testcase classname="github.com/zscaler/zscaler-sdk-go/v3/tests/unit/zpa/services" name="TestPRAConsole_Structure/PRAConsole_JSON_marshaling" time="0.000000"></testcase>
		<testcase classname="github.com/zscaler/zscaler-sdk-go/v3/tests/unit/zpa/services" name="TestPRAConsole_Structure" time="0.000000"></testcase>
		<testcase classname="github.com/zscaler/zscaler-sdk-go/v3/tests/unit/zpa/services" name="TestPostureProfile_SpecialCases/Platform_types" time="0.000000"></testcase>
		<testcase classname="github.com/zscaler/zscaler-sdk-go/v3/tests/unit/zpa/services" name="TestPostureProfile_SpecialCases/Posture_types" time="0.000000"></testcase>
		<testcase classname="github.com/zscaler/zscaler-sdk-go/v3/tests/unit/zpa/services" name="TestPostureProfile_SpecialCases" time="0.000000"></testcase>
		<testcase classname="github.com/zscaler/zscaler-sdk-go/v3/tests/unit/zpa/services" name="TestAppConnectorController_SpecialCases/Control_channel_status_values" time="0.000000"></testcase>
		<testcase classname="github.com/zscaler/zscaler-sdk-go/v3/tests/unit/zpa/services" name="TestAppConnectorController_SpecialCases/BulkDeleteRequest" time="0.000000"></testcase>
		<testcase classname="github.com/zscaler/zscaler-sdk-go/v3/tests/unit/zpa/services" name="TestAppConnectorController_SpecialCases" time="0.000000"></testcase>
		<testcase classname="github.com/zscaler/zscaler-sdk-go/v3/tests/unit/zpa/services" name="TestPRAApproval_Structure/PrivilegedApproval_JSON_marshaling" time="0.000000"></testcase>
		<testcase classname="github.com/zscaler/zscaler-sdk-go/v3/tests/unit/zpa/services" name="TestPRAApproval_Structure" time="0.000000"></testcase>
		<testcase classname="github.com/zscaler/zscaler-sdk-go/v3/tests/unit/zpa/services" name="TestEmergencyAccess_ResponseParsing/Parse_emergency_access_list_response" time="0.000000"></testcase>
		<testcase classname="github.com/zscaler/zscaler-sdk-go/v3/tests/unit/zpa/services" name="TestEmergencyAccess_ResponseParsing" time="0.000000"></testcase>
		<testcase classname="github.com/zscaler/zscaler-sdk-go/v3/tests/unit/zpa/services" name="TestClientTypes_Structure/ClientTypes_JSON_marshaling" time="0.000000"></testcase>
		<testcase classname="github.com/zscaler/zscaler-sdk-go/v3/tests/unit/zpa/services" name="TestClientTypes_Structure" time="0.000000"></testcase>
		<testcase classname="github.com/zscaler/zscaler-sdk-go/v3/tests/unit/zpa/services" name="TestPRACredentialPool_Structure/CredentialPool_JSON_marshaling" time="0.000000"></testcase>
		<testcase classname="github.com/zscaler/zscaler-sdk-go/v3/tests/unit/zpa/services" name="TestPRACredentialPool_Structure" time="0.000000"></testcase>
		<testcase classname="github.com/zscaler/zscaler-sdk-go/v3/tests/unit/zpa/services" name="TestMicrotenants_Structure/MicroTenant_JSON_marshaling" time="0.000000"></testcase>
		<testcase classname="github.com/zscaler/zscaler-sdk-go/v3/tests/unit/zpa/services" name="TestMicrotenants_Structure/MicroTenant_from_API_response" time="0.000000"></testcase>
		<testcase classname="github.com/zscaler/zscaler-sdk-go/v3/tests/unit/zpa/services" name="TestMicrotenants_Structure" time="0.000000"></testcase>
		<testcase classname="github.com/zscaler/zscaler-sdk-go/v3/tests/unit/zpa/services" name="TestPostureProfile_Structure/PostureProfile_JSON_marshaling" time="0.000000"></testcase>
		<testcase classname="github.com/zscaler/zscaler-sdk-go/v3/tests/unit/zpa/services" name="TestPostureProfile_Structure/PostureProfile_from_API_response" time="0.000000"></testcase>
		<testcase classname="github.com/zscaler/zscaler-sdk-go/v3/tests/unit/zpa/services" name="TestPostureProfile_Structure" time="0.000000"></testcase>
		<testcase classname="github.com/zscaler/zscaler-sdk-go/v3/tests/unit/zpa/services" name="TestCloudConnector_Structure/CloudConnector_JSON_marshaling" time="0.000000"></testcase>
		<testcase classname="github.com/zscaler/zscaler-sdk-go/v3/tests/unit/zpa/services" name="TestCloudConnector_Structure" time="0.000000"></testcase>
		<testcase classname="github.com/zscaler/zscaler-sdk-go/v3/tests/unit/zpa/services" name="TestOAuth2User_Structure/OauthUser_JSON_marshaling" time="0.000000"></testcase>
		<testcase classname="github.com/zscaler/zscaler-sdk-go/v3/tests/unit/zpa/services" name="TestOAuth2User_Structure/UserCodeStatusRequest_JSON_marshaling" time="0.000000"></testcase>
		<testcase classname="github.com/zscaler/zscaler-sdk-go/v3/tests/unit/zpa/services" name="TestOAuth2User_Structure" time="0.000000"></testcase>
		<testcase classname="github.com/zscaler/zscaler-sdk-go/v3/tests/unit/zpa/services" name="TestInspectionCustomControls_Structure/InspectionCustomControl_JSON_marshaling" time="0.000000"></testcase>
		<testcase classname="github.com/zscaler/zscaler-sdk-go/v3/tests/unit/zpa/services" name="TestInspectionCustomControls_Structure" time="0.000000"></testcase>
		<testcase classname="github.com/zscaler/zscaler-sdk-go/v3/tests/unit/zpa/services" name="TestEmergencyAccess_Structure/EmergencyAccess_JSON_marshaling" time="0.000000"></testcase>
		<testcase classname="github.com/zscaler/zscaler-sdk-go/v3/tests/unit/zpa/services" name="TestEmergencyAccess_Structure/EmergencyAccess_from_API_response" time="0.000000"></testcase>
		<testcase classname="github.com/zscaler/zscaler-sdk-go/v3/tests/unit/zpa/services" name="TestEmergencyAccess_Structure" time="0.000000"></testcase>
		<testcase classname="github.com/zscaler/zscaler-sdk-go/v3/tests/unit/zpa/services" name="TestAppServerController_Structure/ApplicationServer_JSON_marshaling" time="0.000000"></testcase>
		<testcase classname="github.com/zscaler/zscaler-sdk-go/v3/tests/unit/zpa/services" name="TestAppServerController_Structure/ApplicationServer_from_API_response" time="0.000000"></testcase>
		<testcase classname="github.com/zscaler/zscaler-sdk-go/v3/tests/unit/zpa/services" name="TestAppServerController_Structure" time="0.000000"></testcase>
		<testcase classname="github.com/zscaler/zscaler-sdk-go/v3/tests/unit/zpa/services" name="TestEnrollmentCert_Structure/EnrollmentCert_JSON_marshaling" time="0.000000"></testcase>
		<testcase classname="github.com/zscaler/zscaler-sdk-go/v3/tests/unit/zpa/services" name="TestEnrollmentCert_Structure/EnrollmentCert_from_API_response" time="0.000000"></testcase>
		<testcase classname="github.com/zscaler/zscaler-sdk-go/v3/tests/unit/zpa/services" name="TestEnrollmentCert_Structure" time="0.000000"></testcase>
		<testcase classname="github.com/zscaler/zscaler-sdk-go/v3/tests/unit/zpa/services" name="TestIdpController_Structure/IdpController_JSON_marshaling" time="0.000000"></testcase>
		<testcase classname="github.com/zscaler/zscaler-sdk-go/v3/tests/unit/zpa/services" name="TestIdpController_Structure/IdpController_JSON_unmarshaling_from_API_response" time="0.000000"></testcase>
		<testcase classname="github.com/zscaler/zscaler-sdk-go/v3/tests/unit/zpa/services" name="TestIdpController_Structure/AdminMetadata_structure" time="0.000000"></testcase>
		<testcase classname="github.com/zscaler/zscaler-sdk-go/v3/tests/unit/zpa/services" name="TestIdpController_Structure" time="0.000000"></testcase>
		<testcase classname="github.com/zscaler/zscaler-sdk-go/v3/tests/unit/zpa/services" name="TestIdpController_SpecialCases/IDP_with_SCIM_enabled" time="0.000000"></testcase>
		<testcase classname="github.com/zscaler/zscaler-sdk-go/v3/tests/unit/zpa/services" name="TestIdpController_SpecialCases/IDP_with_multiple_SSO_types" time="0.000000"></testcase>
		<testcase classname="github.com/zscaler/zscaler-sdk-go/v3/tests/unit/zpa/services" name="TestIdpController_SpecialCases/IDP_with_force_auth" time="0.000000"></testcase>
		<testcase classname="github.com/zscaler/zscaler-sdk-go/v3/tests/unit/zpa/services" name="TestIdpController_SpecialCases/IDP_with_arbitrary_auth_domains" time="0.000000"></testcase>
		<testcase classname="github.com/zscaler/zscaler-sdk-go/v3/tests/unit/zpa/services" name="TestIdpController_SpecialCases/Auto_provision_modes" time="0.000000"></testcase>
		<testcase classname="github.com/zscaler/zscaler-sdk-go/v3/tests/unit/zpa/services" name="TestIdpController_SpecialCases" time="0.000000"></testcase>
		<testcase classname="github.com/zscaler/zscaler-sdk-go/v3/tests/unit/zpa/services" name="TestCBIZpaProfile_Structure/ZPAProfiles_JSON_marshaling" time="0.000000"></testcase>
		<testcase classname="github.com/zscaler/zscaler-sdk-go/v3/tests/unit/zpa/services" name="TestCBIZpaProfile_Structure" time="0.000000"></testcase>
		<testcase classname="github.com/zscaler/zscaler-sdk-go/v3/tests/unit/zpa/services" name="TestExtranetResource_Structure/CommonSummary_JSON_marshaling" time="0.000000"></testcase>
		<testcase classname="github.com/zscaler/zscaler-sdk-go/v3/tests/unit/zpa/services" name="TestExtranetResource_Structure" time="0.000000"></testcase>
		<testcase classname="github.com/zscaler/zscaler-sdk-go/v3/tests/unit/zpa/services" name="TestIdpController_ResponseParsing/Parse_IDP_list_response" time="0.000000"></testcase>
		<testcase classname="github.com/zscaler/zscaler-sdk-go/v3/tests/unit/zpa/services" name="TestIdpController_ResponseParsing" time="0.000000"></testcase>
		<testcase classname="github.com/zscaler/zscaler-sdk-go/v3/tests/unit/zpa/services" name="TestBaCertificate_Structure/BaCertificate_JSON_marshaling" time="0.000000"></testcase>
		<testcase classname="github.com/zscaler/zscaler-sdk-go/v3/tests/unit/zpa/services" name="TestBaCertificate_Structure/BaCertificate_from_API_response" time="0.000000"></testcase>
		<testcase classname="github.com/zscaler/zscaler-sdk-go/v3/tests/unit/zpa/services" name="TestBaCertificate_Structure" time="0.000000"></testcase>
		<testcase classname="github.com/zscaler/zscaler-sdk-go/v3/tests/unit/zpa/services" name="TestLSSConfigController_Structure/LSSResource_JSON_marshaling" time="0.000000"></testcase>
		<testcase classname="github.com/zscaler/zscaler-sdk-go/v3/tests/unit/zpa/services" name="TestLSSConfigController_Structure" time="0.000000"></testcase>
		<testcase classname="github.com/zscaler/zscaler-sdk-go/v3/tests/unit/zpa/services" name="TestCloudConnectorGroup_Structure/CloudConnectorGroup_JSON_marshaling" time="0.000000"></testcase>
		<testcase classname="github.com/zscaler/zscaler-sdk-go/v3/tests/unit/zpa/services" name="TestCloudConnectorGroup_Structure" time="0.000000"></testcase>
		<testcase classname="github.com/zscaler/zscaler-sdk-go/v3/tests/unit/zpa/services" name="TestIdpController_ErrorHandling/404_IDP_Not_Found" time="0.000000"></testcase>
		<testcase classname="github.com/zscaler/zscaler-sdk-go/v3/tests/unit/zpa/services" name="TestIdpController_ErrorHandling" time="0.000000"></testcase>
		<testcase classname="github.com/zscaler/zscaler-sdk-go/v3/tests/unit/zpa/services" name="TestEnrollmentCert_SpecialCases/Client_cert_types" time="0.000000"></testcase>
		<testcase classname="github.com/zscaler/zscaler-sdk-go/v3/tests/unit/zpa/services" name="TestEnrollmentCert_SpecialCases" time="0.000000"></testcase>
		<testcase classname="github.com/zscaler/zscaler-sdk-go/v3/tests/unit/zpa/services" name="TestClientSettings_Structure/ClientSettings_JSON_marshaling" time="0.000000"></testcase>
		<testcase classname="github.com/zscaler/zscaler-sdk-go/v3/tests/unit/zpa/services" name="TestClientSettings_Structure" time="0.000000"></testcase>
		<testcase classname="github.com/zscaler/zscaler-sdk-go/v3/tests/unit/zpa/services" name="TestPolicySetController_Structure/PolicySet_JSON_marshaling" time="0.000000"></testcase>
		<testcase classname="github.com/zscaler/zscaler-sdk-go/v3/tests/unit/zpa/services" name="TestPolicySetController_Structure/PolicyRule_JSON_marshaling" time="0.000000"></testcase>
		<testcase classname="github.com/zscaler/zscaler-sdk-go/v3/tests/unit/zpa/services" name="TestPolicySetController_Structure" time="0.000000"></testcase>
		<testcase classname="github.com/zscaler/zscaler-sdk-go/v3/tests/unit/zpa/services" name="TestEmergencyAccess_SpecialCases/User_status_values" time="0.000000"></testcase>
		<testcase classname="github.com/zscaler/zscaler-sdk-go/v3/tests/unit/zpa/services" name="TestEmergencyAccess_SpecialCases/ActivateNow_flag" time="0.000000"></testcase>
		<testcase classname="github.com/zscaler/zscaler-sdk-go/v3/tests/unit/zpa/services" name="TestEmergencyAccess_SpecialCases" time="0.000000"></testcase>
		<testcase classname="github.com/zscaler/zscaler-sdk-go/v3/tests/unit/zpa/services" name="TestSegmentGroup_Structure/SegmentGroup_JSON_marshaling" time="0.000000"></testcase>
		<testcase classname="github.com/zscaler/zscaler-sdk-go/v3/tests/unit/zpa/services" name="TestSegmentGroup_Structure/SegmentGroup_JSON_unmarshaling" time="0.000000"></testcase>
		<testcase classname="github.com/zscaler/zscaler-sdk-go/v3/tests/unit/zpa/services" name="TestSegmentGroup_Structure/Application_structure" time="0.000000"></testcase>
		<testcase classname="github.com/zscaler/zscaler-sdk-go/v3/tests/unit/zpa/services" name="TestSegmentGroup_Structure" time="0.000000"></testcase>
		<testcase classname="github.com/zscaler/zscaler-sdk-go/v3/tests/unit/zpa/services" name="TestSegmentGroup_ErrorHandling/404_Not_Found" time="0.000000"></testcase>
		<testcase classname="github.com/zscaler/zscaler-sdk-go/v3/tests/unit/zpa/services" name="TestSegmentGroup_ErrorHandling/401_Unauthorized" time="0.000000"></testcase>
		<testcase classname="github.com/zscaler/zscaler-sdk-go/v3/tests/unit/zpa/services" name="TestSegmentGroup_ErrorHandling/409_Conflict_-_Edit_Lock" time="0.000000"></testcase>
		<testcase classname="github.com/zscaler/zscaler-sdk-go/v3/tests/unit/zpa/services" name="TestSegmentGroup_ErrorHandling/429_Rate_Limited" time="0.000000"></testcase>
		<testcase classname="github.com/zscaler/zscaler-sdk-go/v3/tests/unit/zpa/services" name="TestSegmentGroup_ErrorHandling/500_Server_Error" time="0.000000"></testcase>
		<testcase classname="github.com/zscaler/zscaler-sdk-go/v3/tests/unit/zpa/services" name="TestSegmentGroup_ErrorHandling" time="0.010000"></testcase>
		<testcase classname="github.com/zscaler/zscaler-sdk-go/v3/tests/unit/zpa/services" name="TestAppConnectorGroup_ErrorHandling/404_Not_Found" time="0.000000"></testcase>
		<testcase classname="github.com/zscaler/zscaler-sdk-go/v3/tests/unit/zpa/services" name="TestAppConnectorGroup_ErrorHandling/400_Bad_Request_-_Invalid_payload" time="0.000000"></testcase>
		<testcase classname="github.com/zscaler/zscaler-sdk-go/v3/tests/unit/zpa/services" name="TestAppConnectorGroup_ErrorHandling/409_Conflict_-_Duplicate_name" time="0.000000"></testcase>
		<testcase classname="github.com/zscaler/zscaler-sdk-go/v3/tests/unit/zpa/services" name="TestAppConnectorGroup_ErrorHandling" time="0.010000"></testcase>
	</testsuite>
</testsuites>